Component: ARM Compiler 5.06 update 7 (build 960) Tool: armlink [4d3601]

==============================================================================

Section Cross References

    startup_stm32f103xb.o(RESET) refers to startup_stm32f103xb.o(STACK) for __initial_sp
    startup_stm32f103xb.o(RESET) refers to startup_stm32f103xb.o(.text) for Reset_Handler
    startup_stm32f103xb.o(RESET) refers to stm32f1xx_it.o(i.NMI_Handler) for NMI_Handler
    startup_stm32f103xb.o(RESET) refers to stm32f1xx_it.o(i.HardFault_Handler) for HardFault_Handler
    startup_stm32f103xb.o(RESET) refers to stm32f1xx_it.o(i.MemManage_Handler) for MemManage_Handler
    startup_stm32f103xb.o(RESET) refers to stm32f1xx_it.o(i.BusFault_Handler) for BusFault_Handler
    startup_stm32f103xb.o(RESET) refers to stm32f1xx_it.o(i.UsageFault_Handler) for UsageFault_Handler
    startup_stm32f103xb.o(RESET) refers to port.o(.emb_text) for SVC_Handler
    startup_stm32f103xb.o(RESET) refers to stm32f1xx_it.o(i.DebugMon_Handler) for DebugMon_Handler
    startup_stm32f103xb.o(RESET) refers to stm32f1xx_it.o(i.SysTick_Handler) for SysTick_Handler
    startup_stm32f103xb.o(RESET) refers to stm32f1xx_it.o(i.DMA1_Channel4_IRQHandler) for DMA1_Channel4_IRQHandler
    startup_stm32f103xb.o(RESET) refers to stm32f1xx_it.o(i.DMA1_Channel5_IRQHandler) for DMA1_Channel5_IRQHandler
    startup_stm32f103xb.o(RESET) refers to stm32f1xx_it.o(i.USART1_IRQHandler) for USART1_IRQHandler
    startup_stm32f103xb.o(.text) refers to system_stm32f1xx.o(i.SystemInit) for SystemInit
    startup_stm32f103xb.o(.text) refers to entry.o(.ARM.Collect$$$$00000000) for __main
    main.o(i.SystemClock_Config) refers to stm32f1xx_hal_rcc.o(i.HAL_RCC_OscConfig) for HAL_RCC_OscConfig
    main.o(i.SystemClock_Config) refers to stm32f1xx_hal_rcc.o(i.HAL_RCC_ClockConfig) for HAL_RCC_ClockConfig
    main.o(i.SystemClock_Config) refers to stm32f1xx_hal_rcc.o(i.HAL_RCC_GetHCLKFreq) for HAL_RCC_GetHCLKFreq
    main.o(i.SystemClock_Config) refers to stm32f1xx_hal_cortex.o(i.HAL_SYSTICK_Config) for HAL_SYSTICK_Config
    main.o(i.SystemClock_Config) refers to stm32f1xx_hal_cortex.o(i.HAL_SYSTICK_CLKSourceConfig) for HAL_SYSTICK_CLKSourceConfig
    main.o(i.SystemClock_Config) refers to stm32f1xx_hal_cortex.o(i.HAL_NVIC_SetPriority) for HAL_NVIC_SetPriority
    main.o(i.main) refers to stm32f1xx_hal.o(i.HAL_Init) for HAL_Init
    main.o(i.main) refers to main.o(i.SystemClock_Config) for SystemClock_Config
    main.o(i.main) refers to gpio.o(i.MX_GPIO_Init) for MX_GPIO_Init
    main.o(i.main) refers to dma.o(i.MX_DMA_Init) for MX_DMA_Init
    main.o(i.main) refers to tim.o(i.MX_TIM2_Init) for MX_TIM2_Init
    main.o(i.main) refers to usart.o(i.MX_USART1_UART_Init) for MX_USART1_UART_Init
    main.o(i.main) refers to i2c.o(i.MX_I2C1_Init) for MX_I2C1_Init
    main.o(i.main) refers to freertos.o(i.MX_FREERTOS_Init) for MX_FREERTOS_Init
    main.o(i.main) refers to cmsis_os.o(i.osKernelStart) for osKernelStart
    gpio.o(i.MX_GPIO_Init) refers to stm32f1xx_hal_gpio.o(i.HAL_GPIO_WritePin) for HAL_GPIO_WritePin
    gpio.o(i.MX_GPIO_Init) refers to stm32f1xx_hal_gpio.o(i.HAL_GPIO_Init) for HAL_GPIO_Init
    dma.o(i.MX_DMA_Init) refers to stm32f1xx_hal_cortex.o(i.HAL_NVIC_SetPriority) for HAL_NVIC_SetPriority
    dma.o(i.MX_DMA_Init) refers to stm32f1xx_hal_cortex.o(i.HAL_NVIC_EnableIRQ) for HAL_NVIC_EnableIRQ
    freertos.o(i.HAL_UART_ErrorCallback) refers to stm32f1xx_hal_uart.o(i.HAL_UART_Receive_DMA) for HAL_UART_Receive_DMA
    freertos.o(i.HAL_UART_ErrorCallback) refers to usart.o(.bss) for huart1
    freertos.o(i.HAL_UART_ErrorCallback) refers to freertos.o(.bss) for .bss
    freertos.o(i.MX_FREERTOS_Init) refers to stm32f1xx_hal_tim.o(i.HAL_TIM_PWM_Start) for HAL_TIM_PWM_Start
    freertos.o(i.MX_FREERTOS_Init) refers to stm32f1xx_hal_uart.o(i.HAL_UART_Receive_DMA) for HAL_UART_Receive_DMA
    freertos.o(i.MX_FREERTOS_Init) refers to bmp280.o(i.bmp280_init) for bmp280_init
    freertos.o(i.MX_FREERTOS_Init) refers to mpu9250.o(i.readByte) for readByte
    freertos.o(i.MX_FREERTOS_Init) refers to mpu9250.o(i.calibrateMPU9250) for calibrateMPU9250
    freertos.o(i.MX_FREERTOS_Init) refers to stm32f1xx_hal.o(i.HAL_Delay) for HAL_Delay
    freertos.o(i.MX_FREERTOS_Init) refers to mpu9250.o(i.initMPU9250) for initMPU9250
    freertos.o(i.MX_FREERTOS_Init) refers to memcpya.o(.text) for __aeabi_memcpy4
    freertos.o(i.MX_FREERTOS_Init) refers to cmsis_os.o(i.osThreadCreate) for osThreadCreate
    freertos.o(i.MX_FREERTOS_Init) refers to queue.o(i.xQueueGenericCreate) for xQueueGenericCreate
    freertos.o(i.MX_FREERTOS_Init) refers to tim.o(.bss) for htim2
    freertos.o(i.MX_FREERTOS_Init) refers to usart.o(.bss) for huart1
    freertos.o(i.MX_FREERTOS_Init) refers to freertos.o(.bss) for .bss
    freertos.o(i.MX_FREERTOS_Init) refers to freertos.o(.constdata) for .constdata
    freertos.o(i.MX_FREERTOS_Init) refers to freertos.o(.data) for .data
[...]
    I2C_WaitOnBTFFlagUntilTimeout            0x08003239   Thumb Code    78  stm32f1xx_hal_i2c.o(i.I2C_WaitOnBTFFlagUntilTimeout)
    i.I2C_WaitOnFlagUntilTimeout             0x08003286   Section        0  stm32f1xx_hal_i2c.o(i.I2C_WaitOnFlagUntilTimeout)
    I2C_WaitOnFlagUntilTimeout               0x08003287   Thumb Code    96  stm32f1xx_hal_i2c.o(i.I2C_WaitOnFlagUntilTimeout)
    i.I2C_WaitOnMasterAddressFlagUntilTimeout 0x080032e8   Section        0  stm32f1xx_hal_i2c.o(i.I2C_WaitOnMasterAddressFlagUntilTimeout)
    I2C_WaitOnMasterAddressFlagUntilTimeout  0x080032e9   Thumb Code   136  stm32f1xx_hal_i2c.o(i.I2C_WaitOnMasterAddressFlagUntilTimeout)
    i.I2C_WaitOnRXNEFlagUntilTimeout         0x08003370   Section        0  stm32f1xx_hal_i2c.o(i.I2C_WaitOnRXNEFlagUntilTimeout)
    I2C_WaitOnRXNEFlagUntilTimeout           0x08003371   Thumb Code    98  stm32f1xx_hal_i2c.o(i.I2C_WaitOnRXNEFlagUntilTimeout)
    i.I2C_WaitOnTXEFlagUntilTimeout          0x080033d2   Section        0  stm32f1xx_hal_i2c.o(i.I2C_WaitOnTXEFlagUntilTimeout)
    I2C_WaitOnTXEFlagUntilTimeout            0x080033d3   Thumb Code    78  stm32f1xx_hal_i2c.o(i.I2C_WaitOnTXEFlagUntilTimeout)
    i.MX_DMA_Init                            0x08003420   Section        0  dma.o(i.MX_DMA_Init)
    i.MX_FREERTOS_Init                       0x0800345c   Section        0  freertos.o(i.MX_FREERTOS_Init)
    i.MX_GPIO_Init                           0x08003578   Section        0  gpio.o(i.MX_GPIO_Init)
    i.MX_I2C1_Init                           0x0800364c   Section        0  i2c.o(i.MX_I2C1_Init)
    i.MX_TIM2_Init                           0x080036a0   Section        0  tim.o(i.MX_TIM2_Init)
    i.MX_USART1_UART_Init                    0x0800375c   Section        0  usart.o(i.MX_USART1_UART_Init)
    i.MemManage_Handler                      0x080037a8   Section        0  stm32f1xx_it.o(i.MemManage_Handler)
    i.NMI_Handler                            0x080037aa   Section        0  stm32f1xx_it.o(i.NMI_Handler)
    i.NVIC_SetPriority                       0x080037ac   Section        0  stm32f1xx_hal_cortex.o(i.NVIC_SetPriority)
    NVIC_SetPriority                         0x080037ad   Thumb Code    32  stm32f1xx_hal_cortex.o(i.NVIC_SetPriority)
    i.SysTick_Handler                        0x080037cc   Section        0  stm32f1xx_it.o(i.SysTick_Handler)
    i.SystemClock_Config                     0x080037da   Section        0  main.o(i.SystemClock_Config)
    i.SystemInit                             0x08003834   Section        0  system_stm32f1xx.o(i.SystemInit)
    i.TIM_Base_SetConfig                     0x0800387c   Section        0  stm32f1xx_hal_tim.o(i.TIM_Base_SetConfig)
    i.TIM_CCxChannelCmd                      0x080038e8   Section        0  stm32f1xx_hal_tim.o(i.TIM_CCxChannelCmd)
    i.TIM_OC1_SetConfig                      0x08003900   Section        0  stm32f1xx_hal_tim.o(i.TIM_OC1_SetConfig)
    TIM_OC1_SetConfig                        0x08003901   Thumb Code    74  stm32f1xx_hal_tim.o(i.TIM_OC1_SetConfig)
    i.TIM_OC2_SetConfig                      0x08003950   Section        0  stm32f1xx_hal_tim.o(i.TIM_OC2_SetConfig)
    i.TIM_OC3_SetConfig                      0x080039a8   Section        0  stm32f1xx_hal_tim.o(i.TIM_OC3_SetConfig)
    TIM_OC3_SetConfig                        0x080039a9   Thumb Code    82  stm32f1xx_hal_tim.o(i.TIM_OC3_SetConfig)
    i.TIM_OC4_SetConfig                      0x08003a00   Section        0  stm32f1xx_hal_tim.o(i.TIM_OC4_SetConfig)
    TIM_OC4_SetConfig                        0x08003a01   Thumb Code    64  stm32f1xx_hal_tim.o(i.TIM_OC4_SetConfig)
    i.TaskCalc                               0x08003a44   Section        0  freertos.o(i.TaskCalc)
    i.TaskData                               0x08003d0c   Section        0  freertos.o(i.TaskData)
    i.TaskParse                              0x08003f08   Section        0  freertos.o(i.TaskParse)
    i.TaskStab                               0x08003fa4   Section        0  freertos.o(i.TaskStab)
    i.UART_DMAAbortOnError                   0x08003ff8   Section        0  stm32f1xx_hal_uart.o(i.UART_DMAAbortOnError)
    UART_DMAAbortOnError                     0x08003ff9   Thumb Code    16  stm32f1xx_hal_uart.o(i.UART_DMAAbortOnError)
    i.UART_DMAError                          0x08004008   Section        0  stm32f1xx_hal_uart.o(i.UART_DMAError)
    UART_DMAError                            0x08004009   Thumb Code    74  stm32f1xx_hal_uart.o(i.UART_DMAError)
    i.UART_DMAReceiveCplt                    0x08004052   Section        0  stm32f1xx_hal_uart.o(i.UART_DMAReceiveCplt)
    UART_DMAReceiveCplt                      0x08004053   Thumb Code    60  stm32f1xx_hal_uart.o(i.UART_DMAReceiveCplt)
    i.UART_DMARxHalfCplt                     0x0800408e   Section        0  stm32f1xx_hal_uart.o(i.UART_DMARxHalfCplt)
    UART_DMARxHalfCplt                       0x0800408f   Thumb Code    10  stm32f1xx_hal_uart.o(i.UART_DMARxHalfCplt)
    i.UART_DMATransmitCplt                   0x08004098   Section        0  stm32f1xx_hal_uart.o(i.UART_DMATransmitCplt)
    UART_DMATransmitCplt                     0x08004099   Thumb Code    46  stm32f1xx_hal_uart.o(i.UART_DMATransmitCplt)
    i.UART_DMATxHalfCplt                     0x080040c6   Section        0  stm32f1xx_hal_uart.o(i.UART_DMATxHalfCplt)
    UART_DMATxHalfCplt                       0x080040c7   Thumb Code    10  stm32f1xx_hal_uart.o(i.UART_DMATxHalfCplt)
    i.UART_EndRxTransfer                     0x080040d0   Section        0  stm32f1xx_hal_uart.o(i.UART_EndRxTransfer)
    UART_EndRxTransfer                       0x080040d1   Thumb Code    28  stm32f1xx_hal_uart.o(i.UART_EndRxTransfer)
    i.UART_EndTxTransfer                     0x080040ec   Section        0  stm32f1xx_hal_uart.o(i.UART_EndTxTransfer)
    UART_EndTxTransfer                       0x080040ed   Thumb Code    18  stm32f1xx_hal_uart.o(i.UART_EndTxTransfer)
    i.UART_Receive_IT                        0x080040fe   Section        0  stm32f1xx_hal_uart.o(i.UART_Receive_IT)
    UART_Receive_IT                          0x080040ff   Thumb Code   150  stm32f1xx_hal_uart.o(i.UART_Receive_IT)
    i.UART_SetConfig                         0x08004194   Section        0  stm32f1xx_hal_uart.o(i.UART_SetConfig)
    UART_SetConfig                           0x08004195   Thumb Code   364  stm32f1xx_hal_uart.o(i.UART_SetConfig)
    i.UART_Transmit_IT                       0x08004304   Section        0  stm32f1xx_hal_uart.o(i.UART_Transmit_IT)
    UART_Transmit_IT                         0x08004305   Thumb Code    98  stm32f1xx_hal_uart.o(i.UART_Transmit_IT)
    i.USART1_IRQHandler                      0x08004368   Section        0  stm32f1xx_it.o(i.USART1_IRQHandler)
    i.UsageFault_Handler                     0x080043f0   Section        0  stm32f1xx_it.o(i.UsageFault_Handler)
    i._Error_Handler                         0x080043f2   Section        0  main.o(i._Error_Handler)
    i.__0sprintf                             0x080043f4   Section        0  printfa.o(i.__0sprintf)
    i.__ARM_fpclassify                       0x0800441c   Section        0  fpclassify.o(i.__ARM_fpclassify)
    i.__ieee754_rem_pio2                     0x08004444   Section        0  rred.o(i.__ieee754_rem_pio2)
    i.__kernel_cos                           0x080047cc   Section        0  cos_i.o(i.__kernel_cos)
    i.__kernel_poly                          0x080048c8   Section        0  poly.o(i.__kernel_poly)
    i.__kernel_sin                           0x08004974   Section        0  sin_i.o(i.__kernel_sin)
    i.__mathlib_dbl_divzero                  0x08004a60   Section        0  dunder.o(i.__mathlib_dbl_divzero)
    i.__mathlib_dbl_infnan                   0x08004a70   Section        0  dunder.o(i.__mathlib_dbl_infnan)
    i.__mathlib_dbl_infnan2                  0x08004a76   Section        0  dunder.o(i.__mathlib_dbl_infnan2)
    i.__mathlib_dbl_invalid                  0x08004a7a   Section        0  dunder.o(i.__mathlib_dbl_invalid)
    i.__mathlib_dbl_overflow                 0x08004a86   Section        0  dunder.o(i.__mathlib_dbl_overflow)
    i.__mathlib_dbl_underflow                0x08004a94   Section        0  dunder.o(i.__mathlib_dbl_underflow)
    i.__scatterload_copy                     0x08004aa4   Section       14  handlers.o(i.__scatterload_copy)
    i.__scatterload_null                     0x08004ab2   Section        2  handlers.o(i.__scatterload_null)
    i.__scatterload_zeroinit                 0x08004ab4   Section       14  handlers.o(i.__scatterload_zeroinit)
    i.__set_errno                            0x08004ac4   Section        0  errno.o(i.__set_errno)
    i._fp_digits                             0x08004ad0   Section        0  printfa.o(i._fp_digits)
    _fp_digits                               0x08004ad1   Thumb Code   366  printfa.o(i._fp_digits)
    i._is_digit                              0x08004c54   Section        0  scanf_fp.o(i._is_digit)
    i._printf_core                           0x08004c64   Section        0  printfa.o(i._printf_core)
    _printf_core                             0x08004c65   Thumb Code  1704  printfa.o(i._printf_core)
    i._printf_post_padding                   0x08005318   Section        0  printfa.o(i._printf_post_padding)
    _printf_post_padding                     0x08005319   Thumb Code    36  printfa.o(i._printf_post_padding)
    i._printf_pre_padding                    0x0800533c   Section        0  printfa.o(i._printf_pre_padding)
    _printf_pre_padding                      0x0800533d   Thumb Code    46  printfa.o(i._printf_pre_padding)
    i._sputc                                 0x0800536a   Section        0  printfa.o(i._sputc)
    _sputc                                   0x0800536b   Thumb Code    10  printfa.o(i._sputc)
    i.atan                                   0x08005374   Section        0  atan.o(i.atan)
    i.atan2                                  0x08005594   Section        0  atan2.o(i.atan2)
    i.bmp280_init                            0x08005730   Section        0  bmp280.o(i.bmp280_init)
    i.bmp280_read_fixed                      0x0800578c   Section        0  bmp280.o(i.bmp280_read_fixed)
    i.bmp280_read_float                      0x0800580c   Section        0  bmp280.o(i.bmp280_read_float)
    i.calibrateMPU9250                       0x08005844   Section        0  mpu9250.o(i.calibrateMPU9250)
    i.compensate_pressure                    0x08005a84   Section        0  bmp280.o(i.compensate_pressure)
    compensate_pressure                      0x08005a85   Thumb Code   340  bmp280.o(i.compensate_pressure)
    i.cos                                    0x08005bdc   Section        0  cos.o(i.cos)
    i.get_angles                             0x08005c78   Section        0  mpu9250.o(i.get_angles)
    i.initMPU9250                            0x08005f14   Section        0  mpu9250.o(i.initMPU9250)
    i.main                                   0x08006020   Section        0  main.o(i.main)
    i.makeFreeRtosPriority                   0x08006046   Section        0  cmsis_os.o(i.makeFreeRtosPriority)
    makeFreeRtosPriority                     0x08006047   Thumb Code    12  cmsis_os.o(i.makeFreeRtosPriority)
    i.osKernelStart                          0x08006052   Section        0  cmsis_os.o(i.osKernelStart)
    i.osSystickHandler                       0x0800605c   Section        0  cmsis_os.o(i.osSystickHandler)
    i.osThreadCreate                         0x08006070   Section        0  cmsis_os.o(i.osThreadCreate)
    i.pow                                    0x080060a0   Section        0  pow.o(i.pow)
    i.prvAddCurrentTaskToDelayedList         0x08006a78   Section        0  tasks.o(i.prvAddCurrentTaskToDelayedList)
    prvAddCurrentTaskToDelayedList           0x08006a79   Thumb Code   102  tasks.o(i.prvAddCurrentTaskToDelayedList)
    i.prvAddNewTaskToReadyList               0x08006ae8   Section        0  tasks.o(i.prvAddNewTaskToReadyList)
    prvAddNewTaskToReadyList                 0x08006ae9   Thumb Code   170  tasks.o(i.prvAddNewTaskToReadyList)
    i.prvCheckTasksWaitingTermination        0x08006b9c   Section        0  tasks.o(i.prvCheckTasksWaitingTermination)
    prvCheckTasksWaitingTermination          0x08006b9d   Thumb Code    70  tasks.o(i.prvCheckTasksWaitingTermination)
    i.prvCopyDataFromQueue                   0x08006bec   Section        0  queue.o(i.prvCopyDataFromQueue)
    prvCopyDataFromQueue                     0x08006bed   Thumb Code    38  queue.o(i.prvCopyDataFromQueue)
    i.prvCopyDataToQueue                     0x08006c12   Section        0  queue.o(i.prvCopyDataToQueue)
    prvCopyDataToQueue                       0x08006c13   Thumb Code   108  queue.o(i.prvCopyDataToQueue)
    i.prvDeleteTCB                           0x08006c7e   Section        0  tasks.o(i.prvDeleteTCB)
    prvDeleteTCB                             0x08006c7f   Thumb Code    20  tasks.o(i.prvDeleteTCB)
    i.prvHeapInit                            0x08006c94   Section        0  heap_4.o(i.prvHeapInit)
    prvHeapInit                              0x08006c95   Thumb Code    66  heap_4.o(i.prvHeapInit)
    i.prvIdleTask                            0x08006ce0   Section        0  tasks.o(i.prvIdleTask)
    prvIdleTask                              0x08006ce1   Thumb Code    24  tasks.o(i.prvIdleTask)
    i.prvInitialiseNewTask                   0x08006cfc   Section        0  tasks.o(i.prvInitialiseNewTask)
    prvInitialiseNewTask                     0x08006cfd   Thumb Code   142  tasks.o(i.prvInitialiseNewTask)
    i.prvInsertBlockIntoFreeList             0x08006d8c   Section        0  heap_4.o(i.prvInsertBlockIntoFreeList)
    prvInsertBlockIntoFreeList               0x08006d8d   Thumb Code    72  heap_4.o(i.prvInsertBlockIntoFreeList)
    i.prvIsQueueEmpty                        0x08006dd8   Section        0  queue.o(i.prvIsQueueEmpty)
    prvIsQueueEmpty                          0x08006dd9   Thumb Code    28  queue.o(i.prvIsQueueEmpty)
    i.prvResetNextTaskUnblockTime            0x08006df4   Section        0  tasks.o(i.prvResetNextTaskUnblockTime)
    prvResetNextTaskUnblockTime              0x08006df5   Thumb Code    26  tasks.o(i.prvResetNextTaskUnblockTime)
    i.prvTaskExitError                       0x08006e14   Section        0  port.o(i.prvTaskExitError)
    prvTaskExitError                         0x08006e15   Thumb Code    36  port.o(i.prvTaskExitError)
    i.prvUnlockQueue                         0x08006e3c   Section        0  queue.o(i.prvUnlockQueue)
    prvUnlockQueue                           0x08006e3d   Thumb Code   106  queue.o(i.prvUnlockQueue)
    i.pvPortMalloc                           0x08006ea8   Section        0  heap_4.o(i.pvPortMalloc)
    i.pvTaskIncrementMutexHeldCount          0x08006f80   Section        0  tasks.o(i.pvTaskIncrementMutexHeldCount)
    i.pxPortInitialiseStack                  0x08006f98   Section        0  port.o(i.pxPortInitialiseStack)
    i.readByte                               0x08006fbc   Section        0  mpu9250.o(i.readByte)
    i.readBytes                              0x08006ff0   Section        0  mpu9250.o(i.readBytes)
    i.read_calibration_data                  0x08007038   Section        0  bmp280.o(i.read_calibration_data)
    read_calibration_data                    0x08007039   Thumb Code   176  bmp280.o(i.read_calibration_data)
    i.read_data                              0x080070e8   Section        0  bmp280.o(i.read_data)
    read_data                                0x080070e9   Thumb Code    40  bmp280.o(i.read_data)
    i.read_register16                        0x08007114   Section        0  bmp280.o(i.read_register16)
    read_register16                          0x08007115   Thumb Code    56  bmp280.o(i.read_register16)
    i.set_pos                                0x08007150   Section        0  freertos.o(i.set_pos)
    i.sin                                    0x080071d4   Section        0  sin.o(i.sin)
    i.sqrt                                   0x08007274   Section        0  sqrt.o(i.sqrt)
    i.uxListRemove                           0x080072c0   Section        0  list.o(i.uxListRemove)
    i.uxQueueMessagesWaiting                 0x080072e4   Section        0  queue.o(i.uxQueueMessagesWaiting)
    i.uxQueueMessagesWaitingFromISR          0x08007308   Section        0  queue.o(i.uxQueueMessagesWaitingFromISR)
    i.vListInitialise                        0x0800731e   Section        0  list.o(i.vListInitialise)
    i.vListInitialiseItem                    0x08007334   Section        0  list.o(i.vListInitialiseItem)
    i.vListInsert                            0x0800733a   Section        0  list.o(i.vListInsert)
    i.vListInsertEnd                         0x0800736a   Section        0  list.o(i.vListInsertEnd)
    i.vPortEnterCritical                     0x08007384   Section        0  port.o(i.vPortEnterCritical)
    i.vPortExitCritical                      0x080073c4   Section        0  port.o(i.vPortExitCritical)
    i.vPortFree                              0x080073ec   Section        0  heap_4.o(i.vPortFree)
    i.vPortSetupTimerInterrupt               0x08007448   Section        0  port.o(i.vPortSetupTimerInterrupt)
    i.vPortValidateInterruptPriority         0x08007468   Section        0  port.o(i.vPortValidateInterruptPriority)
    i.vTaskMissedYield                       0x080074bc   Section        0  tasks.o(i.vTaskMissedYield)
    i.vTaskPlaceOnEventList                  0x080074c8   Section        0  tasks.o(i.vTaskPlaceOnEventList)
    i.vTaskPriorityInherit                   0x080074f8   Section        0  tasks.o(i.vTaskPriorityInherit)
    i.vTaskSetTimeOutState                   0x0800757c   Section        0  tasks.o(i.vTaskSetTimeOutState)
    i.vTaskStartScheduler                    0x080075a0   Section        0  tasks.o(i.vTaskStartScheduler)
    i.vTaskSuspendAll                        0x08007608   Section        0  tasks.o(i.vTaskSuspendAll)
    i.vTaskSwitchContext                     0x08007618   Section        0  tasks.o(i.vTaskSwitchContext)
    i.writeByte                              0x08007674   Section        0  mpu9250.o(i.writeByte)
    i.write_register8                        0x08007698   Section        0  bmp280.o(i.write_register8)
    write_register8                          0x08007699   Thumb Code    46  bmp280.o(i.write_register8)
    i.xPortStartScheduler                    0x080076cc   Section        0  port.o(i.xPortStartScheduler)
    i.xPortSysTickHandler                    0x08007740   Section        0  port.o(i.xPortSysTickHandler)
    i.xQueueGenericCreate                    0x0800776c   Section        0  queue.o(i.xQueueGenericCreate)
    i.xQueueGenericReceive                   0x080077b4   Section        0  queue.o(i.xQueueGenericReceive)
    i.xQueueGenericReset                     0x08007910   Section        0  queue.o(i.xQueueGenericReset)
    i.xQueueGenericSend                      0x08007980   Section        0  queue.o(i.xQueueGenericSend)
    i.xQueueGenericSendFromISR               0x08007ac8   Section        0  queue.o(i.xQueueGenericSendFromISR)
    i.xTaskCheckForTimeOut                   0x08007b84   Section        0  tasks.o(i.xTaskCheckForTimeOut)
    i.xTaskCreate                            0x08007bf0   Section        0  tasks.o(i.xTaskCreate)
    i.xTaskGetSchedulerState                 0x08007c48   Section        0  tasks.o(i.xTaskGetSchedulerState)
    i.xTaskIncrementTick                     0x08007c64   Section        0  tasks.o(i.xTaskIncrementTick)
    i.xTaskPriorityDisinherit                0x08007d0c   Section        0  tasks.o(i.xTaskPriorityDisinherit)
    i.xTaskRemoveFromEventList               0x08007da4   Section        0  tasks.o(i.xTaskRemoveFromEventList)
    i.xTaskResumeAll                         0x08007e18   Section        0  tasks.o(i.xTaskResumeAll)
    .constdata                               0x08007ec0   Section       80  freertos.o(.constdata)
    .constdata                               0x08007f10   Section       16  system_stm32f1xx.o(.constdata)
    .constdata                               0x08007f20   Section        8  system_stm32f1xx.o(.constdata)
    .constdata                               0x08007f28   Section      152  atan.o(.constdata)
    atanhi                                   0x08007f28   Data          32  atan.o(.constdata)
    atanlo                                   0x08007f48   Data          32  atan.o(.constdata)
    aTodd                                    0x08007f68   Data          40  atan.o(.constdata)
    aTeven                                   0x08007f90   Data          48  atan.o(.constdata)
    .constdata                               0x08007fc0   Section      136  pow.o(.constdata)
    bp                                       0x08007fc0   Data          16  pow.o(.constdata)
    dp_h                                     0x08007fd0   Data          16  pow.o(.constdata)
    dp_l                                     0x08007fe0   Data          16  pow.o(.constdata)
    L                                        0x08007ff0   Data          48  pow.o(.constdata)
    P                                        0x08008020   Data          40  pow.o(.constdata)
    .constdata                               0x08008048   Section       48  cos_i.o(.constdata)
    C                                        0x08008048   Data          48  cos_i.o(.constdata)
    .constdata                               0x08008078   Section        8  qnan.o(.constdata)
    .constdata                               0x08008080   Section      200  rred.o(.constdata)
    pio2s                                    0x08008080   Data          48  rred.o(.constdata)
    twooverpi                                0x080080b0   Data         152  rred.o(.constdata)
    .constdata                               0x08008148   Section       40  sin_i.o(.constdata)
    S                                        0x08008148   Data          40  sin_i.o(.constdata)
    .constdata                               0x08008170   Section       64  ctype_c.o(.constdata)
    .conststring                             0x080081b0   Section       30  freertos.o(.conststring)
    .data                                    0x20000000   Section       68  freertos.o(.data)
    Altitude                                 0x20000004   Data           4  freertos.o(.data)
    SetSpeed                                 0x20000008   Data           4  freertos.o(.data)
    CurSpeed                                 0x2000000c   Data           4  freertos.o(.data)
    ZeroLevelPressure                        0x20000010   Data           4  freertos.o(.data)
    FullPressure                             0x20000014   Data           4  freertos.o(.data)
    StaticPressure                           0x20000018   Data           4  freertos.o(.data)
    AirDensity                               0x2000001c   Data           4  freertos.o(.data)
    Temperature                              0x20000020   Data           4  freertos.o(.data)
    .data                                    0x20000044   Section        4  stm32f1xx_it.o(.data)
    xHigherPriorityTaskWoken                 0x20000044   Data           4  stm32f1xx_it.o(.data)
    .data                                    0x20000048   Section       12  stm32f1xx_hal.o(.data)
    .data                                    0x20000054   Section        4  system_stm32f1xx.o(.data)
    .data                                    0x20000058   Section       24  heap_4.o(.data)
    pxEnd                                    0x20000058   Data           4  heap_4.o(.data)
    xFreeBytesRemaining                      0x2000005c   Data           4  heap_4.o(.data)
    xMinimumEverFreeBytesRemaining           0x20000060   Data           4  heap_4.o(.data)
    xBlockAllocatedBit                       0x20000064   Data           4  heap_4.o(.data)
    xStart                                   0x20000068   Data           8  heap_4.o(.data)
    .data                                    0x20000070   Section       12  port.o(.data)
    ucMaxSysCallPriority                     0x20000070   Data           1  port.o(.data)
    uxCriticalNesting                        0x20000074   Data           4  port.o(.data)
    ulMaxPRIGROUPValue                       0x20000078   Data           4  port.o(.data)
    .data                                    0x2000007c   Section       60  tasks.o(.data)
    uxDeletedTasksWaitingCleanUp             0x20000080   Data           4  tasks.o(.data)
    uxCurrentNumberOfTasks                   0x20000084   Data           4  tasks.o(.data)
    xTickCount                               0x20000088   Data           4  tasks.o(.data)
    uxTopReadyPriority                       0x2000008c   Data           4  tasks.o(.data)
    xSchedulerRunning                        0x20000090   Data           4  tasks.o(.data)
    uxPendedTicks                            0x20000094   Data           4  tasks.o(.data)
    xYieldPending                            0x20000098   Data           4  tasks.o(.data)
    xNumOfOverflows                          0x2000009c   Data           4  tasks.o(.data)
    uxTaskNumber                             0x200000a0   Data           4  tasks.o(.data)
    xNextTaskUnblockTime                     0x200000a4   Data           4  tasks.o(.data)
    xIdleTaskHandle                          0x200000a8   Data           4  tasks.o(.data)
    uxSchedulerSuspended                     0x200000ac   Data           4  tasks.o(.data)
    pxDelayedTaskList                        0x200000b0   Data           4  tasks.o(.data)
    pxOverflowDelayedTaskList                0x200000b4   Data           4  tasks.o(.data)
    .data                                    0x200000b8   Section        4  errno.o(.data)
    _errno                                   0x200000b8   Data           4  errno.o(.data)
    .bss                                     0x200000bc   Section      423  freertos.o(.bss)
    .bss                                     0x20000264   Section       84  i2c.o(.bss)
    .bss                                     0x200002b8   Section       64  tim.o(.bss)
    .bss                                     0x200002f8   Section      200  usart.o(.bss)
    .bss                                     0x200003c0   Section    15360  heap_4.o(.bss)
    ucHeap                                   0x200003c0   Data       15360  heap_4.o(.bss)
    .bss                                     0x20003fc0   Section      240  tasks.o(.bss)
    pxReadyTasksLists                        0x20003fc0   Data         140  tasks.o(.bss)
    xDelayedTaskList1                        0x2000404c   Data          20  tasks.o(.bss)
    xDelayedTaskList2                        0x20004060   Data          20  tasks.o(.bss)
    xPendingReadyList                        0x20004074   Data          20  tasks.o(.bss)
    xTasksWaitingTermination                 0x20004088   Data          20  tasks.o(.bss)
    xSuspendedTaskList                       0x2000409c   Data          20  tasks.o(.bss)
    STACK                                    0x200040b0   Section     1024  startup_stm32f103xb.o(STACK)

    Global Symbols

    Symbol Name                              Value     Ov Type        Size  Object(Section)

    BuildAttributes$$THM_ISAv4$P$D$K$B$S$PE$A:L22UL41UL21$X:L11$S22US41US21$IEEE1$IW$USESV6$~STKCKD$USESV7$~SHL$OTIME$ROPI$IEEEX$EBA8$MICROLIB$REQ8$PRES8$EABIv2 0x00000000   Number         0  anon$$obj.o ABSOLUTE
    __ARM_use_no_argv                        0x00000000   Number         0  main.o ABSOLUTE
    _printf_a                                0x00000000   Number         0  stubs.o ABSOLUTE
    _printf_c                                0x00000000   Number         0  stubs.o ABSOLUTE
    _printf_charcount                        0x00000000   Number         0  stubs.o ABSOLUTE
    _printf_d                                0x00000000   Number         0  stubs.o ABSOLUTE
    _printf_e                                0x00000000   Number         0  stubs.o ABSOLUTE
    _printf_f                                0x00000000   Number         0  stubs.o ABSOLUTE
    _printf_flags                            0x00000000   Number         0  stubs.o ABSOLUTE
    _printf_fp_dec                           0x00000000   Number         0  stubs.o ABSOLUTE
    _printf_fp_hex                           0x00000000   Number         0  stubs.o ABSOLUTE
    _printf_g                                0x00000000   Number         0  stubs.o ABSOLUTE
    _printf_i                                0x00000000   Number         0  stubs.o ABSOLUTE
    _printf_int_dec                          0x00000000   Number         0  stubs.o ABSOLUTE
    _printf_l                                0x00000000   Number         0  stubs.o ABSOLUTE
    _printf_lc                               0x00000000   Number         0  stubs.o ABSOLUTE
    _printf_ll                               0x00000000   Number         0  stubs.o ABSOLUTE
    _printf_lld                              0x00000000   Number         0  stubs.o ABSOLUTE
    _printf_lli                              0x00000000   Number         0  stubs.o ABSOLUTE
    _printf_llo                              0x00000000   Number         0  stubs.o ABSOLUTE
    _printf_llu                              0x00000000   Number         0  stubs.o ABSOLUTE
    _printf_llx                              0x00000000   Number         0  stubs.o ABSOLUTE
    _printf_longlong_dec                     0x00000000   Number         0  stubs.o ABSOLUTE
    _printf_longlong_hex                     0x00000000   Number         0  stubs.o ABSOLUTE
    _printf_longlong_oct                     0x00000000   Number         0  stubs.o ABSOLUTE
    _printf_ls                               0x00000000   Number         0  stubs.o ABSOLUTE
    _printf_mbtowc                           0x00000000   Number         0  stubs.o ABSOLUTE
    _printf_n                                0x00000000   Number         0  stubs.o ABSOLUTE
    _printf_o                                0x00000000   Number         0  stubs.o ABSOLUTE
    _printf_p                                0x00000000   Number         0  stubs.o ABSOLUTE
    _printf_percent                          0x00000000   Number         0  stubs.o ABSOLUTE
    _printf_pre_padding                      0x00000000   Number         0  stubs.o ABSOLUTE
    _printf_return_value                     0x00000000   Number         0  stubs.o ABSOLUTE
    _printf_s                                0x00000000   Number         0  stubs.o ABSOLUTE
    _printf_sizespec                         0x00000000   Number         0  stubs.o ABSOLUTE
    _printf_str                              0x00000000   Number         0  stubs.o ABSOLUTE
    _printf_truncate_signed                  0x00000000   Number         0  stubs.o ABSOLUTE
    _printf_truncate_unsigned                0x00000000   Number         0  stubs.o ABSOLUTE
    _printf_u                                0x00000000   Number         0  stubs.o ABSOLUTE
    _printf_wc                               0x00000000   Number         0  stubs.o ABSOLUTE
    _printf_wctomb                           0x00000000   Number         0  stubs.o ABSOLUTE
    _printf_widthprec                        0x00000000   Number         0  stubs.o ABSOLUTE
    _printf_x                                0x00000000   Number         0  stubs.o ABSOLUTE
    __arm_fini_                               - Undefined Weak Reference
    __cpp_initialize__aeabi_                  - Undefined Weak Reference
    __cxa_finalize                            - Undefined Weak Reference
    __decompress                              - Undefined Weak Reference
    _clock_init                               - Undefined Weak Reference
    _microlib_exit                            - Undefined Weak Reference
    _scanf_longlong                           - Undefined Weak Reference
    _scanf_string                             - Undefined Weak Reference
    __Vectors_Size                           0x000000ec   Number         0  startup_stm32f103xb.o ABSOLUTE
    __Vectors                                0x08000000   Data           4  startup_stm32f103xb.o(RESET)
    __Vectors_End                            0x080000ec   Data           0  startup_stm32f103xb.o(RESET)
    __main                                   0x080000ed   Thumb Code     0  entry.o(.ARM.Collect$$$$00000000)
    _main_stk                                0x080000ed   Thumb Code     0  entry2.o(.ARM.Collect$$$$00000001)
    _main_scatterload                        0x080000f1   Thumb Code     0  entry5.o(.ARM.Collect$$$$00000004)
    __main_after_scatterload                 0x080000f5   Thumb Code     0  entry5.o(.ARM.Collect$$$$00000004)
    _main_clock                              0x080000f5   Thumb Code     0  entry7b.o(.ARM.Collect$$$$00000008)
    _main_cpp_init                           0x080000f5   Thumb Code     0  entry8b.o(.ARM.Collect$$$$0000000A)
    _main_init                               0x080000f5   Thumb Code     0  entry9a.o(.ARM.Collect$$$$0000000B)
    __rt_lib_shutdown_fini                   0x080000fd   Thumb Code     0  entry12b.o(.ARM.Collect$$$$0000000E)
    __rt_final_cpp                           0x08000101   Thumb Code     0  entry10a.o(.ARM.Collect$$$$0000000F)
    __rt_final_exit                          0x08000101   Thumb Code     0  entry11a.o(.ARM.Collect$$$$00000011)
    SVC_Handler                              0x08000105   Thumb Code    32  port.o(.emb_text)
    __asm___6_port_c_39a90d8d__prvStartFirstTask 0x08000129   Thumb Code    28  port.o(.emb_text)
    PendSV_Handler                           0x08000149   Thumb Code    72  port.o(.emb_text)
    vPortGetIPSR                             0x08000195   Thumb Code     6  port.o(.emb_text)
    Reset_Handler                            0x0800019d   Thumb Code     8  startup_stm32f103xb.o(.text)
    ADC1_2_IRQHandler                        0x080001b7   Thumb Code     0  startup_stm32f103xb.o(.text)
    CAN1_RX1_IRQHandler                      0x080001b7   Thumb Code     0  startup_stm32f103xb.o(.text)
    CAN1_SCE_IRQHandler                      0x080001b7   Thumb Code     0  startup_stm32f103xb.o(.text)
    DMA1_Channel1_IRQHandler                 0x080001b7   Thumb Code     0  startup_stm32f103xb.o(.text)
    DMA1_Channel2_IRQHandler                 0x080001b7   Thumb Code     0  startup_stm32f103xb.o(.text)
    DMA1_Channel3_IRQHandler                 0x080001b7   Thumb Code     0  startup_stm32f103xb.o(.text)
    DMA1_Channel6_IRQHandler                 0x080001b7   Thumb Code     0  startup_stm32f103xb.o(.text)
    DMA1_Channel7_IRQHandler                 0x080001b7   Thumb Code     0  startup_stm32f103xb.o(.text)
    EXTI0_IRQHandler                         0x080001b7   Thumb Code     0  startup_stm32f103xb.o(.text)
    EXTI15_10_IRQHandler                     0x080001b7   Thumb Code     0  startup_stm32f103xb.o(.text)
    EXTI1_IRQHandler                         0x080001b7   Thumb Code     0  startup_stm32f103xb.o(.text)
    EXTI2_IRQHandler                         0x080001b7   Thumb Code     0  startup_stm32f103xb.o(.text)
    EXTI3_IRQHandler                         0x080001b7   Thumb Code     0  startup_stm32f103xb.o(.text)
    EXTI4_IRQHandler                         0x080001b7   Thumb Code     0  startup_stm32f103xb.o(.text)
    EXTI9_5_IRQHandler                       0x080001b7   Thumb Code     0  startup_stm32f103xb.o(.text)
    FLASH_IRQHandler                         0x080001b7   Thumb Code     0  startup_stm32f103xb.o(.text)
    I2C1_ER_IRQHandler                       0x080001b7   Thumb Code     0  startup_stm32f103xb.o(.text)
    I2C1_EV_IRQHandler                       0x080001b7   Thumb Code     0  startup_stm32f103xb.o(.text)
    I2C2_ER_IRQHandler                       0x080001b7   Thumb Code     0  startup_stm32f103xb.o(.text)
    I2C2_EV_IRQHandler                       0x080001b7   Thumb Code     0  startup_stm32f103xb.o(.text)
    PVD_IRQHandler                           0x080001b7   Thumb Code     0  startup_stm32f103xb.o(.text)
    RCC_IRQHandler                           0x080001b7   Thumb Code     0  startup_stm32f103xb.o(.text)
    RTC_Alarm_IRQHandler                     0x080001b7   Thumb Code     0  startup_stm32f103xb.o(.text)
    RTC_IRQHandler                           0x080001b7   Thumb Code     0  startup_stm32f103xb.o(.text)
    SPI1_IRQHandler                          0x080001b7   Thumb Code     0  startup_stm32f103xb.o(.text)
    SPI2_IRQHandler                          0x080001b7   Thumb Code     0  startup_stm32f103xb.o(.text)
    TAMPER_IRQHandler                        0x080001b7   Thumb Code     0  startup_stm32f103xb.o(.text)
    TIM1_BRK_IRQHandler                      0x080001b7   Thumb Code     0  startup_stm32f103xb.o(.text)
    TIM1_CC_IRQHandler                       0x080001b7   Thumb Code     0  startup_stm32f103xb.o(.text)
    TIM1_TRG_COM_IRQHandler                  0x080001b7   Thumb Code     0  startup_stm32f103xb.o(.text)
    TIM1_UP_IRQHandler                       0x080001b7   Thumb Code     0  startup_stm32f103xb.o(.text)
    TIM2_IRQHandler                          0x080001b7   Thumb Code     0  startup_stm32f103xb.o(.text)
    TIM3_IRQHandler                          0x080001b7   Thumb Code     0  startup_stm32f103xb.o(.text)
    TIM4_IRQHandler                          0x080001b7   Thumb Code     0  startup_stm32f103xb.o(.text)
    USART2_IRQHandler                        0x080001b7   Thumb Code     0  startup_stm32f103xb.o(.text)
    USART3_IRQHandler                        0x080001b7   Thumb Code     0  startup_stm32f103xb.o(.text)
    USBWakeUp_IRQHandler                     0x080001b7   Thumb Code     0  startup_stm32f103xb.o(.text)
    USB_HP_CAN1_TX_IRQHandler                0x080001b7   Thumb Code     0  startup_stm32f103xb.o(.text)
    USB_LP_CAN1_RX0_IRQHandler               0x080001b7   Thumb Code     0  startup_stm32f103xb.o(.text)
    WWDG_IRQHandler                          0x080001b7   Thumb Code     0  startup_stm32f103xb.o(.text)
    __aeabi_ldivmod                          0x080001c1   Thumb Code    98  ldiv.o(.text)
    __aeabi_llsr                             0x08000223   Thumb Code    32  llushr.o(.text)
    _ll_ushift_r                             0x08000223   Thumb Code     0  llushr.o(.text)
    __aeabi_memcpy                           0x08000243   Thumb Code    36  memcpya.o(.text)
    __aeabi_memcpy4                          0x08000243   Thumb Code     0  memcpya.o(.text)
    __aeabi_memcpy8                          0x08000243   Thumb Code     0  memcpya.o(.text)
    __0sscanf                                0x08000269   Thumb Code    48  __0sscanf.o(.text)
    _scanf_int                               0x080002a1   Thumb Code   332  _scanf_int.o(.text)
    _scanf_real                              0x08000515   Thumb Code     0  scanf_fp.o(.text)
    _scanf_really_real                       0x08000515   Thumb Code   556  scanf_fp.o(.text)
    __aeabi_fadd                             0x0800074d   Thumb Code   164  fadd.o(.text)
    __aeabi_fsub                             0x080007f1   Thumb Code     6  fadd.o(.text)
    __aeabi_frsub                            0x080007f7   Thumb Code     6  fadd.o(.text)
    __aeabi_fmul                             0x080007fd   Thumb Code   100  fmul.o(.text)
    __aeabi_fdiv                             0x08000861   Thumb Code   124  fdiv.o(.text)
    __ARM_scalbnf                            0x080008dd   Thumb Code    24  fscalb.o(.text)
    scalbnf                                  0x080008dd   Thumb Code     0  fscalb.o(.text)
    __aeabi_dadd                             0x080008f5   Thumb Code   322  dadd.o(.text)
    __aeabi_dsub                             0x08000a37   Thumb Code     6  dadd.o(.text)
    __aeabi_drsub                            0x08000a3d   Thumb Code     6  dadd.o(.text)
    __aeabi_dmul                             0x08000a43   Thumb Code   228  dmul.o(.text)
    __aeabi_ddiv                             0x08000b27   Thumb Code   222  ddiv.o(.text)
    __aeabi_i2f                              0x08000c05   Thumb Code    18  fflti.o(.text)
    __aeabi_ui2f                             0x08000c17   Thumb Code    10  ffltui.o(.text)
    __aeabi_f2uiz                            0x08000c21   Thumb Code    40  ffixui.o(.text)
    __aeabi_f2d                              0x08000c49   Thumb Code    38  f2d.o(.text)
    __aeabi_d2f                              0x08000c6f   Thumb Code    56  d2f.o(.text)
    __aeabi_cfcmpeq                          0x08000ca9   Thumb Code     0  cfcmple.o(.text)
    __aeabi_cfcmple                          0x08000ca9   Thumb Code    20  cfcmple.o(.text)
    __aeabi_cfrcmple                         0x08000cbd   Thumb Code    20  cfrcmple.o(.text)
    __aeabi_uidiv                            0x08000cd1   Thumb Code     0  uidiv.o(.text)
    __aeabi_uidivmod                         0x08000cd1   Thumb Code    44  uidiv.o(.text)
    __aeabi_uldivmod                         0x08000cfd   Thumb Code    98  uldiv.o(.text)
    __aeabi_llsl                             0x08000d5f   Thumb Code    30  llshl.o(.text)
    _ll_shift_l                              0x08000d5f   Thumb Code     0  llshl.o(.text)
    __aeabi_lasr                             0x08000d7d   Thumb Code    36  llsshr.o(.text)
    _ll_sshift_r                             0x08000d7d   Thumb Code     0  llsshr.o(.text)
    _chval                                   0x08000da1   Thumb Code    28  _chval.o(.text)
    __vfscanf_char                           0x08000dc9   Thumb Code    20  scanf_char.o(.text)
    _sgetc                                   0x08000de5   Thumb Code    30  _sgetc.o(.text)
    _sbackspace                              0x08000e03   Thumb Code    34  _sgetc.o(.text)
    __I$use$fp                               0x08000e25   Thumb Code     0  iusefp.o(.text)
    _float_round                             0x08000e25   Thumb Code    18  fepilogue.o(.text)
    _float_epilogue                          0x08000e37   Thumb Code    92  fepilogue.o(.text)
    _double_round                            0x08000e93   Thumb Code    30  depilogue.o(.text)
    _double_epilogue                         0x08000eb1   Thumb Code   156  depilogue.o(.text)
    __ARM_scalbn                             0x08000f4d   Thumb Code    46  dscalb.o(.text)
    scalbn                                   0x08000f4d   Thumb Code     0  dscalb.o(.text)
    _dsqrt                                   0x08000f7b   Thumb Code   162  dsqrt.o(.text)
    __aeabi_i2d                              0x0800101d   Thumb Code    34  dflti.o(.text)
    __aeabi_ul2d                             0x0800103f   Thumb Code    24  dfltul.o(.text)
    __aeabi_d2ulz                            0x08001057   Thumb Code    48  dfixul.o(.text)
    __aeabi_cdcmpeq                          0x08001089   Thumb Code     0  cdcmple.o(.text)
    __aeabi_cdcmple                          0x08001089   Thumb Code    48  cdcmple.o(.text)
    __aeabi_cdrcmple                         0x080010b9   Thumb Code    48  cdrcmple.o(.text)
    __scatterload                            0x080010e9   Thumb Code    28  init.o(.text)
    __scatterload_rt2                        0x080010e9   Thumb Code     0  init.o(.text)
    isspace                                  0x0800110d   Thumb Code    10  isspace_c.o(.text)
    __vfscanf                                0x08001119   Thumb Code   810  _scanf.o(.text)
    __aeabi_ui2d                             0x08001449   Thumb Code    26  dfltui.o(.text)
    __aeabi_d2iz                             0x08001463   Thumb Code    62  dfixi.o(.text)
    __ctype_lookup                           0x080014a1   Thumb Code    34  ctype_c.o(.text)
    BusFault_Handler                         0x080014c9   Thumb Code     2  stm32f1xx_it.o(i.BusFault_Handler)
    DMA1_Channel4_IRQHandler                 0x080014cd   Thumb Code     6  stm32f1xx_it.o(i.DMA1_Channel4_IRQHandler)
    DMA1_Channel5_IRQHandler                 0x080014d9   Thumb Code     6  stm32f1xx_it.o(i.DMA1_Channel5_IRQHandler)
    DebugMon_Handler                         0x0800150f   Thumb Code     2  stm32f1xx_it.o(i.DebugMon_Handler)
    ESP_Init                                 0x08001511   Thumb Code   126  esp8266.o(i.ESP_Init)
    HAL_DMA_Abort_IT                         0x080015f9   Thumb Code   148  stm32f1xx_hal_dma.o(i.HAL_DMA_Abort_IT)
    HAL_DMA_IRQHandler                       0x08001691   Thumb Code   316  stm32f1xx_hal_dma.o(i.HAL_DMA_IRQHandler)
    HAL_DMA_Init                             0x080017e5   Thumb Code    92  stm32f1xx_hal_dma.o(i.HAL_DMA_Init)
    HAL_DMA_Start_IT                         0x08001849   Thumb Code   112  stm32f1xx_hal_dma.o(i.HAL_DMA_Start_IT)
    HAL_Delay                                0x080018b9   Thumb Code    32  stm32f1xx_hal.o(i.HAL_Delay)
    HAL_GPIO_Init                            0x080018dd   Thumb Code   408  stm32f1xx_hal_gpio.o(i.HAL_GPIO_Init)
    HAL_GPIO_TogglePin                       0x08001a99   Thumb Code     8  stm32f1xx_hal_gpio.o(i.HAL_GPIO_TogglePin)
    HAL_GPIO_WritePin                        0x08001aa1   Thumb Code    10  stm32f1xx_hal_gpio.o(i.HAL_GPIO_WritePin)
    HAL_GetTick                              0x08001aad   Thumb Code     6  stm32f1xx_hal.o(i.HAL_GetTick)
    HAL_I2C_Init                             0x08001ab9   Thumb Code   302  stm32f1xx_hal_i2c.o(i.HAL_I2C_Init)
    HAL_I2C_Master_Receive                   0x08001bf9   Thumb Code   516  stm32f1xx_hal_i2c.o(i.HAL_I2C_Master_Receive)
    HAL_I2C_Master_Transmit                  0x08001e09   Thumb Code   304  stm32f1xx_hal_i2c.o(i.HAL_I2C_Master_Transmit)
    HAL_I2C_Mem_Read                         0x08001f41   Thumb Code   530  stm32f1xx_hal_i2c.o(i.HAL_I2C_Mem_Read)
    HAL_I2C_Mem_Write                        0x08002161   Thumb Code   306  stm32f1xx_hal_i2c.o(i.HAL_I2C_Mem_Write)
    HAL_I2C_MspInit                          0x0800229d   Thumb Code    54  i2c.o(i.HAL_I2C_MspInit)
    HAL_IncTick                              0x080022e1   Thumb Code    12  stm32f1xx_hal.o(i.HAL_IncTick)
    HAL_Init                                 0x080022f1   Thumb Code    32  stm32f1xx_hal.o(i.HAL_Init)
    HAL_InitTick                             0x08002315   Thumb Code    54  stm32f1xx_hal.o(i.HAL_InitTick)
    HAL_MspInit                              0x08002355   Thumb Code   134  stm32f1xx_hal_msp.o(i.HAL_MspInit)
    HAL_NVIC_EnableIRQ                       0x080023e5   Thumb Code    22  stm32f1xx_hal_cortex.o(i.HAL_NVIC_EnableIRQ)
    HAL_NVIC_SetPriority                     0x080023fd   Thumb Code    60  stm32f1xx_hal_cortex.o(i.HAL_NVIC_SetPriority)
    HAL_NVIC_SetPriorityGrouping             0x0800243d   Thumb Code    26  stm32f1xx_hal_cortex.o(i.HAL_NVIC_SetPriorityGrouping)
    HAL_RCC_ClockConfig                      0x08002461   Thumb Code   322  stm32f1xx_hal_rcc.o(i.HAL_RCC_ClockConfig)
    HAL_RCC_GetHCLKFreq                      0x080025b5   Thumb Code     6  stm32f1xx_hal_rcc.o(i.HAL_RCC_GetHCLKFreq)
    HAL_RCC_GetPCLK1Freq                     0x080025c1   Thumb Code    20  stm32f1xx_hal_rcc.o(i.HAL_RCC_GetPCLK1Freq)
    HAL_RCC_GetPCLK2Freq                     0x080025e1   Thumb Code    20  stm32f1xx_hal_rcc.o(i.HAL_RCC_GetPCLK2Freq)
    HAL_RCC_GetSysClockFreq                  0x08002601   Thumb Code    74  stm32f1xx_hal_rcc.o(i.HAL_RCC_GetSysClockFreq)
    HAL_RCC_OscConfig                        0x0800266d   Thumb Code   750  stm32f1xx_hal_rcc.o(i.HAL_RCC_OscConfig)
    HAL_SYSTICK_CLKSourceConfig              0x08002971   Thumb Code    24  stm32f1xx_hal_cortex.o(i.HAL_SYSTICK_CLKSourceConfig)
    HAL_SYSTICK_Config                       0x08002989   Thumb Code    40  stm32f1xx_hal_cortex.o(i.HAL_SYSTICK_Config)
    HAL_TIMEx_MasterConfigSynchronization    0x080029b1   Thumb Code    80  stm32f1xx_hal_tim_ex.o(i.HAL_TIMEx_MasterConfigSynchronization)
    HAL_TIM_MspPostInit                      0x08002a01   Thumb Code    30  tim.o(i.HAL_TIM_MspPostInit)
    HAL_TIM_PWM_ConfigChannel                0x08002a25   Thumb Code   208  stm32f1xx_hal_tim.o(i.HAL_TIM_PWM_ConfigChannel)
    HAL_TIM_PWM_Init                         0x08002af5   Thumb Code    54  stm32f1xx_hal_tim.o(i.HAL_TIM_PWM_Init)
    HAL_TIM_PWM_MspInit                      0x08002b2d   Thumb Code    30  tim.o(i.HAL_TIM_PWM_MspInit)
    HAL_TIM_PWM_Start                        0x08002b51   Thumb Code    42  stm32f1xx_hal_tim.o(i.HAL_TIM_PWM_Start)
    HAL_UART_ErrorCallback                   0x08002b81   Thumb Code    18  freertos.o(i.HAL_UART_ErrorCallback)
    HAL_UART_IRQHandler                      0x08002b9d   Thumb Code   266  stm32f1xx_hal_uart.o(i.HAL_UART_IRQHandler)
    HAL_UART_Init                            0x08002cad   Thumb Code    98  stm32f1xx_hal_uart.o(i.HAL_UART_Init)
    HAL_UART_MspInit                         0x08002d11   Thumb Code   184  usart.o(i.HAL_UART_MspInit)
    HAL_UART_Receive_DMA                     0x08002ded   Thumb Code   138  stm32f1xx_hal_uart.o(i.HAL_UART_Receive_DMA)
    HAL_UART_RxCpltCallback                  0x08002e85   Thumb Code     2  stm32f1xx_hal_uart.o(i.HAL_UART_RxCpltCallback)
    HAL_UART_RxHalfCpltCallback              0x08002e87   Thumb Code     2  stm32f1xx_hal_uart.o(i.HAL_UART_RxHalfCpltCallback)
    HAL_UART_Transmit_DMA                    0x08002e89   Thumb Code   114  stm32f1xx_hal_uart.o(i.HAL_UART_Transmit_DMA)
    HAL_UART_TxCpltCallback                  0x08002f09   Thumb Code     2  stm32f1xx_hal_uart.o(i.HAL_UART_TxCpltCallback)
    HAL_UART_TxHalfCpltCallback              0x08002f0b   Thumb Code     2  stm32f1xx_hal_uart.o(i.HAL_UART_TxHalfCpltCallback)
    HardFault_Handler                        0x08002f0d   Thumb Code     2  stm32f1xx_it.o(i.HardFault_Handler)
    MX_DMA_Init                              0x08003421   Thumb Code    56  dma.o(i.MX_DMA_Init)
    MX_FREERTOS_Init                         0x0800345d   Thumb Code   262  freertos.o(i.MX_FREERTOS_Init)
    MX_GPIO_Init                             0x08003579   Thumb Code   188  gpio.o(i.MX_GPIO_Init)
    MX_I2C1_Init                             0x0800364d   Thumb Code    54  i2c.o(i.MX_I2C1_Init)
    MX_TIM2_Init                             0x080036a1   Thumb Code   166  tim.o(i.MX_TIM2_Init)
    MX_USART1_UART_Init                      0x0800375d   Thumb Code    52  usart.o(i.MX_USART1_UART_Init)
    MemManage_Handler                        0x080037a9   Thumb Code     2  stm32f1xx_it.o(i.MemManage_Handler)
    NMI_Handler                              0x080037ab   Thumb Code     2  stm32f1xx_it.o(i.NMI_Handler)
    SysTick_Handler                          0x080037cd   Thumb Code    14  stm32f1xx_it.o(i.SysTick_Handler)
    SystemClock_Config                       0x080037db   Thumb Code    90  main.o(i.SystemClock_Config)
    SystemInit                               0x08003835   Thumb Code    56  system_stm32f1xx.o(i.SystemInit)
    TIM_Base_SetConfig                       0x0800387d   Thumb Code    94  stm32f1xx_hal_tim.o(i.TIM_Base_SetConfig)
    TIM_CCxChannelCmd                        0x080038e9   Thumb Code    22  stm32f1xx_hal_tim.o(i.TIM_CCxChannelCmd)
    TIM_OC2_SetConfig                        0x08003951   Thumb Code    84  stm32f1xx_hal_tim.o(i.TIM_OC2_SetConfig)
    TaskCalc                                 0x08003a45   Thumb Code   582  freertos.o(i.TaskCalc)
    TaskData                                 0x08003d0d   Thumb Code   350  freertos.o(i.TaskData)
    TaskParse                                0x08003f09   Thumb Code   124  freertos.o(i.TaskParse)
    TaskStab                                 0x08003fa5   Thumb Code    74  freertos.o(i.TaskStab)
    USART1_IRQHandler                        0x08004369   Thumb Code   108  stm32f1xx_it.o(i.USART1_IRQHandler)
    UsageFault_Handler                       0x080043f1   Thumb Code     2  stm32f1xx_it.o(i.UsageFault_Handler)
    _Error_Handler                           0x080043f3   Thumb Code     2  main.o(i._Error_Handler)
    __0sprintf                               0x080043f5   Thumb Code    34  printfa.o(i.__0sprintf)
    __1sprintf                               0x080043f5   Thumb Code     0  printfa.o(i.__0sprintf)
    __2sprintf                               0x080043f5   Thumb Code     0  printfa.o(i.__0sprintf)
    __c89sprintf                             0x080043f5   Thumb Code     0  printfa.o(i.__0sprintf)
    sprintf                                  0x080043f5   Thumb Code     0  printfa.o(i.__0sprintf)
    __ARM_fpclassify                         0x0800441d   Thumb Code    40  fpclassify.o(i.__ARM_fpclassify)
    __ieee754_rem_pio2                       0x08004445   Thumb Code   828  rred.o(i.__ieee754_rem_pio2)
    __kernel_cos                             0x080047cd   Thumb Code   230  cos_i.o(i.__kernel_cos)
    __kernel_poly                            0x080048c9   Thumb Code   170  poly.o(i.__kernel_poly)
    __kernel_sin                             0x08004975   Thumb Code   224  sin_i.o(i.__kernel_sin)
    __mathlib_dbl_divzero                    0x08004a61   Thumb Code    12  dunder.o(i.__mathlib_dbl_divzero)
    __mathlib_dbl_infnan                     0x08004a71   Thumb Code     6  dunder.o(i.__mathlib_dbl_infnan)
    __mathlib_dbl_infnan2                    0x08004a77   Thumb Code     4  dunder.o(i.__mathlib_dbl_infnan2)
    __mathlib_dbl_invalid                    0x08004a7b   Thumb Code    12  dunder.o(i.__mathlib_dbl_invalid)
    __mathlib_dbl_overflow                   0x08004a87   Thumb Code    14  dunder.o(i.__mathlib_dbl_overflow)
    __mathlib_dbl_underflow                  0x08004a95   Thumb Code    10  dunder.o(i.__mathlib_dbl_underflow)
    __scatterload_copy                       0x08004aa5   Thumb Code    14  handlers.o(i.__scatterload_copy)
    __scatterload_null                       0x08004ab3   Thumb Code     2  handlers.o(i.__scatterload_null)
    __scatterload_zeroinit                   0x08004ab5   Thumb Code    14  handlers.o(i.__scatterload_zeroinit)
    __set_errno                              0x08004ac5   Thumb Code     6  errno.o(i.__set_errno)
    _is_digit                                0x08004c55   Thumb Code    14  scanf_fp.o(i._is_digit)
    atan                                     0x08005375   Thumb Code   474  atan.o(i.atan)
    atan2                                    0x08005595   Thumb Code   374  atan2.o(i.atan2)
    bmp280_init                              0x08005731   Thumb Code    92  bmp280.o(i.bmp280_init)
    bmp280_read_fixed                        0x0800578d   Thumb Code   128  bmp280.o(i.bmp280_read_fixed)
    bmp280_read_float                        0x0800580d   Thumb Code    52  bmp280.o(i.bmp280_read_float)
    calibrateMPU9250                         0x08005845   Thumb Code   574  mpu9250.o(i.calibrateMPU9250)
    cos                                      0x08005bdd   Thumb Code   148  cos.o(i.cos)
    get_angles                               0x08005c79   Thumb Code   650  mpu9250.o(i.get_angles)
    initMPU9250                              0x08005f15   Thumb Code   268  mpu9250.o(i.initMPU9250)
    main                                     0x08006021   Thumb Code    38  main.o(i.main)
    osKernelStart                            0x08006053   Thumb Code    10  cmsis_os.o(i.osKernelStart)
    osSystickHandler                         0x0800605d   Thumb Code    20  cmsis_os.o(i.osSystickHandler)
    osThreadCreate                           0x08006071   Thumb Code    46  cmsis_os.o(i.osThreadCreate)
    pow                                      0x080060a1   Thumb Code  2512  pow.o(i.pow)
    pvPortMalloc                             0x08006ea9   Thumb Code   210  heap_4.o(i.pvPortMalloc)
    pvTaskIncrementMutexHeldCount            0x08006f81   Thumb Code    18  tasks.o(i.pvTaskIncrementMutexHeldCount)
    pxPortInitialiseStack                    0x08006f99   Thumb Code    32  port.o(i.pxPortInitialiseStack)
    readByte                                 0x08006fbd   Thumb Code    46  mpu9250.o(i.readByte)
    readBytes                                0x08006ff1   Thumb Code    66  mpu9250.o(i.readBytes)
    set_pos                                  0x08007151   Thumb Code   132  freertos.o(i.set_pos)
    sin                                      0x080071d5   Thumb Code   150  sin.o(i.sin)
    sqrt                                     0x08007275   Thumb Code    76  sqrt.o(i.sqrt)
    uxListRemove                             0x080072c1   Thumb Code    36  list.o(i.uxListRemove)
    uxQueueMessagesWaiting                   0x080072e5   Thumb Code    36  queue.o(i.uxQueueMessagesWaiting)
    uxQueueMessagesWaitingFromISR            0x08007309   Thumb Code    22  queue.o(i.uxQueueMessagesWaitingFromISR)
    vListInitialise                          0x0800731f   Thumb Code    22  list.o(i.vListInitialise)
    vListInitialiseItem                      0x08007335   Thumb Code     6  list.o(i.vListInitialiseItem)
    vListInsert                              0x0800733b   Thumb Code    48  list.o(i.vListInsert)
    vListInsertEnd                           0x0800736b   Thumb Code    24  list.o(i.vListInsertEnd)
    vPortEnterCritical                       0x08007385   Thumb Code    54  port.o(i.vPortEnterCritical)
    vPortExitCritical                        0x080073c5   Thumb Code    34  port.o(i.vPortExitCritical)
    vPortFree                                0x080073ed   Thumb Code    88  heap_4.o(i.vPortFree)
    vPortSetupTimerInterrupt                 0x08007449   Thumb Code    26  port.o(i.vPortSetupTimerInterrupt)
    vPortValidateInterruptPriority           0x08007469   Thumb Code    74  port.o(i.vPortValidateInterruptPriority)
    vTaskMissedYield                         0x080074bd   Thumb Code     8  tasks.o(i.vTaskMissedYield)
    vTaskPlaceOnEventList                    0x080074c9   Thumb Code    44  tasks.o(i.vTaskPlaceOnEventList)
    vTaskPriorityInherit                     0x080074f9   Thumb Code   124  tasks.o(i.vTaskPriorityInherit)
    vTaskSetTimeOutState                     0x0800757d   Thumb Code    30  tasks.o(i.vTaskSetTimeOutState)
    vTaskStartScheduler                      0x080075a1   Thumb Code    86  tasks.o(i.vTaskStartScheduler)
    vTaskSuspendAll                          0x08007609   Thumb Code    10  tasks.o(i.vTaskSuspendAll)
    vTaskSwitchContext                       0x08007619   Thumb Code    82  tasks.o(i.vTaskSwitchContext)
    writeByte                                0x08007675   Thumb Code    30  mpu9250.o(i.writeByte)
    xPortStartScheduler                      0x080076cd   Thumb Code   102  port.o(i.xPortStartScheduler)
    xPortSysTickHandler                      0x08007741   Thumb Code    38  port.o(i.xPortSysTickHandler)
    xQueueGenericCreate                      0x0800776d   Thumb Code    72  queue.o(i.xQueueGenericCreate)
    xQueueGenericReceive                     0x080077b5   Thumb Code   342  queue.o(i.xQueueGenericReceive)
    xQueueGenericReset                       0x08007911   Thumb Code   112  queue.o(i.xQueueGenericReset)
    xQueueGenericSend                        0x08007981   Thumb Code   324  queue.o(i.xQueueGenericSend)
    xQueueGenericSendFromISR                 0x08007ac9   Thumb Code   188  queue.o(i.xQueueGenericSendFromISR)
    xTaskCheckForTimeOut                     0x08007b85   Thumb Code   102  tasks.o(i.xTaskCheckForTimeOut)
    xTaskCreate                              0x08007bf1   Thumb Code    86  tasks.o(i.xTaskCreate)
    xTaskGetSchedulerState                   0x08007c49   Thumb Code    22  tasks.o(i.xTaskGetSchedulerState)
    xTaskIncrementTick                       0x08007c65   Thumb Code   160  tasks.o(i.xTaskIncrementTick)
    xTaskPriorityDisinherit                  0x08007d0d   Thumb Code   144  tasks.o(i.xTaskPriorityDisinherit)
    xTaskRemoveFromEventList                 0x08007da5   Thumb Code   108  tasks.o(i.xTaskRemoveFromEventList)
    xTaskResumeAll                           0x08007e19   Thumb Code   160  tasks.o(i.xTaskResumeAll)
    AHBPrescTable                            0x08007f10   Data          16  system_stm32f1xx.o(.constdata)
    APBPrescTable                            0x08007f20   Data           8  system_stm32f1xx.o(.constdata)
    __mathlib_zero                           0x08008078   Data           8  qnan.o(.constdata)
    __ctype_categories                       0x08008170   Data          64  ctype_c.o(.constdata)
    Region$$Table$$Base                      0x080081d0   Number         0  anon$$obj.o(Region$$Table)
    Region$$Table$$Limit                     0x080081f0   Number         0  anon$$obj.o(Region$$Table)
    INIT_FLAG                                0x20000000   Data           1  freertos.o(.data)
    INIT_PRESSURE_FLAG                       0x20000001   Data           1  freertos.o(.data)
    size                                     0x20000002   Data           2  freertos.o(.data)
    QueueSpeed                               0x20000024   Data           4  freertos.o(.data)
    QueueCalcData                            0x20000028   Data           4  freertos.o(.data)
    QueueStabData                            0x2000002c   Data           4  freertos.o(.data)
    xQueueSerialDataReceived                 0x20000030   Data           4  freertos.o(.data)
    DataHandle                               0x20000034   Data           4  freertos.o(.data)
    CalcHandle                               0x20000038   Data           4  freertos.o(.data)
    StabHandle                               0x2000003c   Data           4  freertos.o(.data)
    ParseHandle                              0x20000040   Data           4  freertos.o(.data)
    uwTickFreq                               0x20000048   Data           1  stm32f1xx_hal.o(.data)
    uwTickPrio                               0x2000004c   Data           4  stm32f1xx_hal.o(.data)
    uwTick                                   0x20000050   Data           4  stm32f1xx_hal.o(.data)
    SystemCoreClock                          0x20000054   Data           4  system_stm32f1xx.o(.data)
    pxCurrentTCB                             0x2000007c   Data           4  tasks.o(.data)
    mpu9250                                  0x200000bc   Data          40  freertos.o(.bss)
    bmp0                                     0x200000e4   Data          26  freertos.o(.bss)
    bmp1                                     0x200000fe   Data          26  freertos.o(.bss)
    DMA_BUFFER                               0x20000118   Data          25  freertos.o(.bss)
    DMA                                      0x20000131   Data          25  freertos.o(.bss)
    Data                                     0x2000014a   Data         256  freertos.o(.bss)
    Data1                                    0x2000024a   Data          25  freertos.o(.bss)
    hi2c1                                    0x20000264   Data          84  i2c.o(.bss)
    htim2                                    0x200002b8   Data          64  tim.o(.bss)
    huart1                                   0x200002f8   Data          64  usart.o(.bss)
    hdma_usart1_rx                           0x20000338   Data          68  usart.o(.bss)
    hdma_usart1_tx                           0x2000037c   Data          68  usart.o(.bss)
    __initial_sp                             0x200044b0   Data           0  startup_stm32f103xb.o(STACK)



==============================================================================

Memory Map of the image

  Image Entry point : 0x080000ed

  Load Region LR_IROM1 (Base: 0x08000000, Size: 0x000082ac, Max: 0x00010000, ABSOLUTE)

    Execution Region ER_IROM1 (Exec base: 0x08000000, Load base: 0x08000000, Size: 0x000081f0, Max: 0x00010000, ABSOLUTE)

    Exec Addr    Load Addr    Size         Type   Attr      Idx    E Section Name        Object

    0x08000000   0x08000000   0x000000ec   Data   RO            3    RESET               startup_stm32f103xb.o
    0x080000ec   0x080000ec   0x00000000   Code   RO         4424  * .ARM.Collect$$$$00000000  mc_w.l(entry.o)
    0x080000ec   0x080000ec   0x00000004   Code   RO         4765    .ARM.Collect$$$$00000001  mc_w.l(entry2.o)
    0x080000f0   0x080000f0   0x00000004   Code   RO         4768    .ARM.Collect$$$$00000004  mc_w.l(entry5.o)
    0x080000f4   0x080000f4   0x00000000   Code   RO         4770    .ARM.Collect$$$$00000008  mc_w.l(entry7b.o)
    0x080000f4   0x080000f4   0x00000000   Code   RO         4772    .ARM.Collect$$$$0000000A  mc_w.l(entry8b.o)
    0x080000f4   0x080000f4   0x00000008   Code   RO         4773    .ARM.Collect$$$$0000000B  mc_w.l(entry9a.o)
    0x080000fc   0x080000fc   0x00000004   Code   RO         4780    .ARM.Collect$$$$0000000E  mc_w.l(entry12b.o)
    0x08000100   0x08000100   0x00000000   Code   RO         4775    .ARM.Collect$$$$0000000F  mc_w.l(entry10a.o)
    0x08000100   0x08000100   0x00000000   Code   RO         4777    .ARM.Collect$$$$00000011  mc_w.l(entry11a.o)
    0x08000100   0x08000100   0x00000004   Code   RO         4766    .ARM.Collect$$$$00002712  mc_w.l(entry2.o)
    0x08000104   0x08000104   0x00000096   Code   RO         3367    .emb_text           port.o
    0x0800019a   0x0800019a   0x00000002   PAD
    0x0800019c   0x0800019c   0x00000024   Code   RO            4    .text               startup_stm32f103xb.o
    0x080001c0   0x080001c0   0x00000062   Code   RO         4427    .text               mc_w.l(ldiv.o)
    0x08000222   0x08000222   0x00000020   Code   RO         4429    .text               mc_w.l(llushr.o)
    0x08000242   0x08000242   0x00000024   Code   RO         4431    .text               mc_w.l(memcpya.o)
    0x08000266   0x08000266   0x00000002   PAD
    0x08000268   0x08000268   0x00000038   Code   RO         4696    .text               mc_w.l(__0sscanf.o)
    0x080002a0   0x080002a0   0x0000014c   Code   RO         4698    .text               mc_w.l(_scanf_int.o)
    0x080003ec   0x080003ec   0x00000360   Code   RO         4700    .text               mc_w.l(scanf_fp.o)
    0x0800074c   0x0800074c   0x000000b0   Code   RO         4704    .text               mf_w.l(fadd.o)
    0x080007fc   0x080007fc   0x00000064   Code   RO         4706    .text               mf_w.l(fmul.o)
    0x08000860   0x08000860   0x0000007c   Code   RO         4708    .text               mf_w.l(fdiv.o)
    0x080008dc   0x080008dc   0x00000018   Code   RO         4710    .text               mf_w.l(fscalb.o)
    0x080008f4   0x080008f4   0x0000014e   Code   RO         4712    .text               mf_w.l(dadd.o)
    0x08000a42   0x08000a42   0x000000e4   Code   RO         4714    .text               mf_w.l(dmul.o)
    0x08000b26   0x08000b26   0x000000de   Code   RO         4716    .text               mf_w.l(ddiv.o)
    0x08000c04   0x08000c04   0x00000012   Code   RO         4718    .text               mf_w.l(fflti.o)
    0x08000c16   0x08000c16   0x0000000a   Code   RO         4720    .text               mf_w.l(ffltui.o)
    0x08000c20   0x08000c20   0x00000028   Code   RO         4722    .text               mf_w.l(ffixui.o)
    0x08000c48   0x08000c48   0x00000026   Code   RO         4724    .text               mf_w.l(f2d.o)
    0x08000c6e   0x08000c6e   0x00000038   Code   RO         4726    .text               mf_w.l(d2f.o)
    0x08000ca6   0x08000ca6   0x00000002   PAD
    0x08000ca8   0x08000ca8   0x00000014   Code   RO         4728    .text               mf_w.l(cfcmple.o)
    0x08000cbc   0x08000cbc   0x00000014   Code   RO         4730    .text               mf_w.l(cfrcmple.o)
    0x08000cd0   0x08000cd0   0x0000002c   Code   RO         4784    .text               mc_w.l(uidiv.o)
    0x08000cfc   0x08000cfc   0x00000062   Code   RO         4786    .text               mc_w.l(uldiv.o)
    0x08000d5e   0x08000d5e   0x0000001e   Code   RO         4788    .text               mc_w.l(llshl.o)
    0x08000d7c   0x08000d7c   0x00000024   Code   RO         4790    .text               mc_w.l(llsshr.o)
    0x08000da0   0x08000da0   0x0000001c   Code   RO         4799    .text               mc_w.l(_chval.o)
    0x08000dbc   0x08000dbc   0x00000028   Code   RO         4801    .text               mc_w.l(scanf_char.o)
    0x08000de4   0x08000de4   0x00000040   Code   RO         4803    .text               mc_w.l(_sgetc.o)
    0x08000e24   0x08000e24   0x00000000   Code   RO         4805    .text               mc_w.l(iusefp.o)
    0x08000e24   0x08000e24   0x0000006e   Code   RO         4806    .text               mf_w.l(fepilogue.o)
    0x08000e92   0x08000e92   0x000000ba   Code   RO         4808    .text               mf_w.l(depilogue.o)
    0x08000f4c   0x08000f4c   0x0000002e   Code   RO         4810    .text               mf_w.l(dscalb.o)
    0x08000f7a   0x08000f7a   0x000000a2   Code   RO         4812    .text               mf_w.l(dsqrt.o)
    0x0800101c   0x0800101c   0x00000022   Code   RO         4814    .text               mf_w.l(dflti.o)
    0x0800103e   0x0800103e   0x00000018   Code   RO         4816    .text               mf_w.l(dfltul.o)
    0x08001056   0x08001056   0x00000030   Code   RO         4818    .text               mf_w.l(dfixul.o)
    0x08001086   0x08001086   0x00000002   PAD
    0x08001088   0x08001088   0x00000030   Code   RO         4820    .text               mf_w.l(cdcmple.o)
    0x080010b8   0x080010b8   0x00000030   Code   RO         4822    .text               mf_w.l(cdrcmple.o)
    0x080010e8   0x080010e8   0x00000024   Code   RO         4824    .text               mc_w.l(init.o)
    0x0800110c   0x0800110c   0x0000000a   Code   RO         4827    .text               mc_w.l(isspace_c.o)
    0x08001116   0x08001116   0x00000002   PAD
    0x08001118   0x08001118   0x00000330   Code   RO         4829    .text               mc_w.l(_scanf.o)
    0x08001448   0x08001448   0x0000001a   Code   RO         4832    .text               mf_w.l(dfltui.o)
    0x08001462   0x08001462   0x0000003e   Code   RO         4834    .text               mf_w.l(dfixi.o)
    0x080014a0   0x080014a0   0x00000028   Code   RO         4836    .text               mc_w.l(ctype_c.o)
    0x080014c8   0x080014c8   0x00000002   Code   RO          483    i.BusFault_Handler  stm32f1xx_it.o
    0x080014ca   0x080014ca   0x00000002   PAD
    0x080014cc   0x080014cc   0x0000000c   Code   RO          484    i.DMA1_Channel4_IRQHandler  stm32f1xx_it.o
    0x080014d8   0x080014d8   0x0000000c   Code   RO          485    i.DMA1_Channel5_IRQHandler  stm32f1xx_it.o
    0x080014e4   0x080014e4   0x0000002a   Code   RO         2737    i.DMA_SetConfig     stm32f1xx_hal_dma.o
    0x0800150e   0x0800150e   0x00000002   Code   RO          486    i.DebugMon_Handler  stm32f1xx_it.o
    0x08001510   0x08001510   0x000000e8   Code   RO          663    i.ESP_Init          esp8266.o
    0x080015f8   0x080015f8   0x00000098   Code   RO         2739    i.HAL_DMA_Abort_IT  stm32f1xx_hal_dma.o
    0x08001690   0x08001690   0x00000154   Code   RO         2743    i.HAL_DMA_IRQHandler  stm32f1xx_hal_dma.o
    0x080017e4   0x080017e4   0x00000064   Code   RO         2744    i.HAL_DMA_Init      stm32f1xx_hal_dma.o
    0x08001848   0x08001848   0x00000070   Code   RO         2748    i.HAL_DMA_Start_IT  stm32f1xx_hal_dma.o
    0x080018b8   0x080018b8   0x00000024   Code   RO         2381    i.HAL_Delay         stm32f1xx_hal.o
    0x080018dc   0x080018dc   0x000001bc   Code   RO         2674    i.HAL_GPIO_Init     stm32f1xx_hal_gpio.o
    0x08001a98   0x08001a98   0x00000008   Code   RO         2677    i.HAL_GPIO_TogglePin  stm32f1xx_hal_gpio.o
    0x08001aa0   0x08001aa0   0x0000000a   Code   RO         2678    i.HAL_GPIO_WritePin  stm32f1xx_hal_gpio.o
    0x08001aaa   0x08001aaa   0x00000002   PAD
    0x08001aac   0x08001aac   0x0000000c   Code   RO         2385    i.HAL_GetTick       stm32f1xx_hal.o
    0x08001ab8   0x08001ab8   0x00000140   Code   RO          797    i.HAL_I2C_Init      stm32f1xx_hal_i2c.o
    0x08001bf8   0x08001bf8   0x00000210   Code   RO          803    i.HAL_I2C_Master_Receive  stm32f1xx_hal_i2c.o
    0x08001e08   0x08001e08   0x00000138   Code   RO          808    i.HAL_I2C_Master_Transmit  stm32f1xx_hal_i2c.o
    0x08001f40   0x08001f40   0x00000220   Code   RO          813    i.HAL_I2C_Mem_Read  stm32f1xx_hal_i2c.o
    0x08002160   0x08002160   0x0000013c   Code   RO          816    i.HAL_I2C_Mem_Write  stm32f1xx_hal_i2c.o
    0x0800229c   0x0800229c   0x00000044   Code   RO          352    i.HAL_I2C_MspInit   i2c.o
    0x080022e0   0x080022e0   0x00000010   Code   RO         2389    i.HAL_IncTick       stm32f1xx_hal.o
    0x080022f0   0x080022f0   0x00000024   Code   RO         2390    i.HAL_Init          stm32f1xx_hal.o
    0x08002314   0x08002314   0x00000040   Code   RO         2391    i.HAL_InitTick      stm32f1xx_hal.o
    0x08002354   0x08002354   0x00000090   Code   RO          566    i.HAL_MspInit       stm32f1xx_hal_msp.o
    0x080023e4   0x080023e4   0x00000016   Code   RO         2834    i.HAL_NVIC_EnableIRQ  stm32f1xx_hal_cortex.o
    0x080023fa   0x080023fa   0x00000002   PAD
    0x080023fc   0x080023fc   0x00000040   Code   RO         2840    i.HAL_NVIC_SetPriority  stm32f1xx_hal_cortex.o
    0x0800243c   0x0800243c   0x00000024   Code   RO         2841    i.HAL_NVIC_SetPriorityGrouping  stm32f1xx_hal_cortex.o
    0x08002460   0x08002460   0x00000154   Code   RO         2534    i.HAL_RCC_ClockConfig  stm32f1xx_hal_rcc.o
    0x080025b4   0x080025b4   0x0000000c   Code   RO         2539    i.HAL_RCC_GetHCLKFreq  stm32f1xx_hal_rcc.o
    0x080025c0   0x080025c0   0x00000020   Code   RO         2541    i.HAL_RCC_GetPCLK1Freq  stm32f1xx_hal_rcc.o
    0x080025e0   0x080025e0   0x00000020   Code   RO         2542    i.HAL_RCC_GetPCLK2Freq  stm32f1xx_hal_rcc.o
    0x08002600   0x08002600   0x0000006c   Code   RO         2543    i.HAL_RCC_GetSysClockFreq  stm32f1xx_hal_rcc.o
    0x0800266c   0x0800266c   0x00000304   Code   RO         2546    i.HAL_RCC_OscConfig  stm32f1xx_hal_rcc.o
    0x08002970   0x08002970   0x00000018   Code   RO         2843    i.HAL_SYSTICK_CLKSourceConfig  stm32f1xx_hal_cortex.o
    0x08002988   0x08002988   0x00000028   Code   RO         2845    i.HAL_SYSTICK_Config  stm32f1xx_hal_cortex.o
    0x080029b0   0x080029b0   0x00000050   Code   RO         1832    i.HAL_TIMEx_MasterConfigSynchronization  stm32f1xx_hal_tim_ex.o
    0x08002a00   0x08002a00   0x00000024   Code   RO          393    i.HAL_TIM_MspPostInit  tim.o
    0x08002a24   0x08002a24   0x000000d0   Code   RO         1252    i.HAL_TIM_PWM_ConfigChannel  stm32f1xx_hal_tim.o
    0x08002af4   0x08002af4   0x00000036   Code   RO         1255    i.HAL_TIM_PWM_Init  stm32f1xx_hal_tim.o
    0x08002b2a   0x08002b2a   0x00000002   PAD
    0x08002b2c   0x08002b2c   0x00000024   Code   RO          395    i.HAL_TIM_PWM_MspInit  tim.o
    0x08002b50   0x08002b50   0x00000030   Code   RO         1259    i.HAL_TIM_PWM_Start  stm32f1xx_hal_tim.o
    0x08002b80   0x08002b80   0x0000001c   Code   RO          245    i.HAL_UART_ErrorCallback  freertos.o
    0x08002b9c   0x08002b9c   0x00000110   Code   RO         2072    i.HAL_UART_IRQHandler  stm32f1xx_hal_uart.o
    0x08002cac   0x08002cac   0x00000062   Code   RO         2073    i.HAL_UART_Init     stm32f1xx_hal_uart.o
    0x08002d0e   0x08002d0e   0x00000002   PAD
    0x08002d10   0x08002d10   0x000000dc   Code   RO          442    i.HAL_UART_MspInit  usart.o
    0x08002dec   0x08002dec   0x00000098   Code   RO         2077    i.HAL_UART_Receive_DMA  stm32f1xx_hal_uart.o
    0x08002e84   0x08002e84   0x00000002   Code   RO         2079    i.HAL_UART_RxCpltCallback  stm32f1xx_hal_uart.o
    0x08002e86   0x08002e86   0x00000002   Code   RO         2080    i.HAL_UART_RxHalfCpltCallback  stm32f1xx_hal_uart.o
    0x08002e88   0x08002e88   0x00000080   Code   RO         2082    i.HAL_UART_Transmit_DMA  stm32f1xx_hal_uart.o
    0x08002f08   0x08002f08   0x00000002   Code   RO         2084    i.HAL_UART_TxCpltCallback  stm32f1xx_hal_uart.o
    0x08002f0a   0x08002f0a   0x00000002   Code   RO         2085    i.HAL_UART_TxHalfCpltCallback  stm32f1xx_hal_uart.o
    0x08002f0c   0x08002f0c   0x00000002   Code   RO          487    i.HardFault_Handler  stm32f1xx_it.o
    0x08002f0e   0x08002f0e   0x00000028   Code   RO          835    i.I2C_IsAcknowledgeFailed  stm32f1xx_hal_i2c.o
    0x08002f36   0x08002f36   0x000000de   Code   RO          838    i.I2C_MasterRequestRead  stm32f1xx_hal_i2c.o
    0x08003014   0x08003014   0x00000094   Code   RO          839    i.I2C_MasterRequestWrite  stm32f1xx_hal_i2c.o
    0x080030a8   0x080030a8   0x000000f0   Code   RO          844    i.I2C_RequestMemoryRead  stm32f1xx_hal_i2c.o
    0x08003198   0x08003198   0x000000a0   Code   RO          845    i.I2C_RequestMemoryWrite  stm32f1xx_hal_i2c.o
    0x08003238   0x08003238   0x0000004e   Code   RO          848    i.I2C_WaitOnBTFFlagUntilTimeout  stm32f1xx_hal_i2c.o
    0x08003286   0x08003286   0x00000060   Code   RO          849    i.I2C_WaitOnFlagUntilTimeout  stm32f1xx_hal_i2c.o
    0x080032e6   0x080032e6   0x00000002   PAD
    0x080032e8   0x080032e8   0x00000088   Code   RO          850    i.I2C_WaitOnMasterAddressFlagUntilTimeout  stm32f1xx_hal_i2c.o
    0x08003370   0x08003370   0x00000062   Code   RO          851    i.I2C_WaitOnRXNEFlagUntilTimeout  stm32f1xx_hal_i2c.o
    0x080033d2   0x080033d2   0x0000004e   Code   RO          852    i.I2C_WaitOnTXEFlagUntilTimeout  stm32f1xx_hal_i2c.o
    0x08003420   0x08003420   0x0000003c   Code   RO          221    i.MX_DMA_Init       dma.o
    0x0800345c   0x0800345c   0x0000011c   Code   RO          246    i.MX_FREERTOS_Init  freertos.o
    0x08003578   0x08003578   0x000000d4   Code   RO          197    i.MX_GPIO_Init      gpio.o
    0x0800364c   0x0800364c   0x00000054   Code   RO          353    i.MX_I2C1_Init      i2c.o
    0x080036a0   0x080036a0   0x000000bc   Code   RO          396    i.MX_TIM2_Init      tim.o
    0x0800375c   0x0800375c   0x0000004c   Code   RO          443    i.MX_USART1_UART_Init  usart.o
    0x080037a8   0x080037a8   0x00000002   Code   RO          488    i.MemManage_Handler  stm32f1xx_it.o
    0x080037aa   0x080037aa   0x00000002   Code   RO          489    i.NMI_Handler       stm32f1xx_it.o
    0x080037ac   0x080037ac   0x00000020   Code   RO         2847    i.NVIC_SetPriority  stm32f1xx_hal_cortex.o
    0x080037cc   0x080037cc   0x0000000e   Code   RO          490    i.SysTick_Handler   stm32f1xx_it.o
    0x080037da   0x080037da   0x0000005a   Code   RO           13    i.SystemClock_Config  main.o
    0x08003834   0x08003834   0x00000048   Code   RO         3263    i.SystemInit        system_stm32f1xx.o
    0x0800387c   0x0800387c   0x0000006c   Code   RO         1270    i.TIM_Base_SetConfig  stm32f1xx_hal_tim.o
    0x080038e8   0x080038e8   0x00000016   Code   RO         1271    i.TIM_CCxChannelCmd  stm32f1xx_hal_tim.o
    0x080038fe   0x080038fe   0x00000002   PAD
    0x08003900   0x08003900   0x00000050   Code   RO         1279    i.TIM_OC1_SetConfig  stm32f1xx_hal_tim.o
    0x08003950   0x08003950   0x00000058   Code   RO         1280    i.TIM_OC2_SetConfig  stm32f1xx_hal_tim.o
    0x080039a8   0x080039a8   0x00000058   Code   RO         1281    i.TIM_OC3_SetConfig  stm32f1xx_hal_tim.o
    0x08003a00   0x08003a00   0x00000044   Code   RO         1282    i.TIM_OC4_SetConfig  stm32f1xx_hal_tim.o
    0x08003a44   0x08003a44   0x000002c8   Code   RO          247    i.TaskCalc          freertos.o
    0x08003d0c   0x08003d0c   0x000001fc   Code   RO          248    i.TaskData          freertos.o
    0x08003f08   0x08003f08   0x0000009c   Code   RO          249    i.TaskParse         freertos.o
    0x08003fa4   0x08003fa4   0x00000054   Code   RO          250    i.TaskStab          freertos.o
    0x08003ff8   0x08003ff8   0x00000010   Code   RO         2086    i.UART_DMAAbortOnError  stm32f1xx_hal_uart.o
    0x08004008   0x08004008   0x0000004a   Code   RO         2087    i.UART_DMAError     stm32f1xx_hal_uart.o
    0x08004052   0x08004052   0x0000003c   Code   RO         2088    i.UART_DMAReceiveCplt  stm32f1xx_hal_uart.o
    0x0800408e   0x0800408e   0x0000000a   Code   RO         2090    i.UART_DMARxHalfCplt  stm32f1xx_hal_uart.o
    0x08004098   0x08004098   0x0000002e   Code   RO         2092    i.UART_DMATransmitCplt  stm32f1xx_hal_uart.o
    0x080040c6   0x080040c6   0x0000000a   Code   RO         2094    i.UART_DMATxHalfCplt  stm32f1xx_hal_uart.o
    0x080040d0   0x080040d0   0x0000001c   Code   RO         2096    i.UART_EndRxTransfer  stm32f1xx_hal_uart.o
    0x080040ec   0x080040ec   0x00000012   Code   RO         2097    i.UART_EndTxTransfer  stm32f1xx_hal_uart.o
    0x080040fe   0x080040fe   0x00000096   Code   RO         2098    i.UART_Receive_IT   stm32f1xx_hal_uart.o
    0x08004194   0x08004194   0x00000170   Code   RO         2099    i.UART_SetConfig    stm32f1xx_hal_uart.o
    0x08004304   0x08004304   0x00000062   Code   RO         2100    i.UART_Transmit_IT  stm32f1xx_hal_uart.o
    0x08004366   0x08004366   0x00000002   PAD
    0x08004368   0x08004368   0x00000088   Code   RO          491    i.USART1_IRQHandler  stm32f1xx_it.o
    0x080043f0   0x080043f0   0x00000002   Code   RO          492    i.UsageFault_Handler  stm32f1xx_it.o
    0x080043f2   0x080043f2   0x00000002   Code   RO           14    i._Error_Handler    main.o
    0x080043f4   0x080043f4   0x00000028   Code   RO         4670    i.__0sprintf        mc_w.l(printfa.o)
    0x0800441c   0x0800441c   0x00000028   Code   RO         4749    i.__ARM_fpclassify  m_ws.l(fpclassify.o)
    0x08004444   0x08004444   0x00000388   Code   RO         4754    i.__ieee754_rem_pio2  m_ws.l(rred.o)
    0x080047cc   0x080047cc   0x000000fc   Code   RO         4732    i.__kernel_cos      m_ws.l(cos_i.o)
    0x080048c8   0x080048c8   0x000000aa   Code   RO         4751    i.__kernel_poly     m_ws.l(poly.o)
    0x08004972   0x08004972   0x00000002   PAD
    0x08004974   0x08004974   0x000000ec   Code   RO         4759    i.__kernel_sin      m_ws.l(sin_i.o)
    0x08004a60   0x08004a60   0x00000010   Code   RO         4735    i.__mathlib_dbl_divzero  m_ws.l(dunder.o)
    0x08004a70   0x08004a70   0x00000006   Code   RO         4736    i.__mathlib_dbl_infnan  m_ws.l(dunder.o)
    0x08004a76   0x08004a76   0x00000004   Code   RO         4737    i.__mathlib_dbl_infnan2  m_ws.l(dunder.o)
    0x08004a7a   0x08004a7a   0x0000000c   Code   RO         4738    i.__mathlib_dbl_invalid  m_ws.l(dunder.o)
    0x08004a86   0x08004a86   0x0000000e   Code   RO         4739    i.__mathlib_dbl_overflow  m_ws.l(dunder.o)
    0x08004a94   0x08004a94   0x00000010   Code   RO         4741    i.__mathlib_dbl_underflow  m_ws.l(dunder.o)
    0x08004aa4   0x08004aa4   0x0000000e   Code   RO         4841    i.__scatterload_copy  mc_w.l(handlers.o)
    0x08004ab2   0x08004ab2   0x00000002   Code   RO         4842    i.__scatterload_null  mc_w.l(handlers.o)
    0x08004ab4   0x08004ab4   0x0000000e   Code   RO         4843    i.__scatterload_zeroinit  mc_w.l(handlers.o)
    0x08004ac2   0x08004ac2   0x00000002   PAD
    0x08004ac4   0x08004ac4   0x0000000c   Code   RO         4794    i.__set_errno       mc_w.l(errno.o)
    0x08004ad0   0x08004ad0   0x00000184   Code   RO         4675    i._fp_digits        mc_w.l(printfa.o)
    0x08004c54   0x08004c54   0x0000000e   Code   RO         4702    i._is_digit         mc_w.l(scanf_fp.o)
    0x08004c62   0x08004c62   0x00000002   PAD
    0x08004c64   0x08004c64   0x000006b4   Code   RO         4676    i._printf_core      mc_w.l(printfa.o)
    0x08005318   0x08005318   0x00000024   Code   RO         4677    i._printf_post_padding  mc_w.l(printfa.o)
    0x0800533c   0x0800533c   0x0000002e   Code   RO         4678    i._printf_pre_padding  mc_w.l(printfa.o)
    0x0800536a   0x0800536a   0x0000000a   Code   RO         4680    i._sputc            mc_w.l(printfa.o)
    0x08005374   0x08005374   0x00000220   Code   RO         4373    i.atan              m_ws.l(atan.o)
    0x08005594   0x08005594   0x0000019c   Code   RO         4383    i.atan2             m_ws.l(atan2.o)
    0x08005730   0x08005730   0x0000005c   Code   RO          591    i.bmp280_init       bmp280.o
    0x0800578c   0x0800578c   0x00000080   Code   RO          593    i.bmp280_read_fixed  bmp280.o
    0x0800580c   0x0800580c   0x00000038   Code   RO          594    i.bmp280_read_float  bmp280.o
    0x08005844   0x08005844   0x0000023e   Code   RO          693    i.calibrateMPU9250  mpu9250.o
    0x08005a82   0x08005a82   0x00000002   PAD
    0x08005a84   0x08005a84   0x00000158   Code   RO          595    i.compensate_pressure  bmp280.o
    0x08005bdc   0x08005bdc   0x0000009c   Code   RO         4391    i.cos               m_ws.l(cos.o)
    0x08005c78   0x08005c78   0x0000029c   Code   RO          694    i.get_angles        mpu9250.o
    0x08005f14   0x08005f14   0x0000010c   Code   RO          695    i.initMPU9250       mpu9250.o
    0x08006020   0x08006020   0x00000026   Code   RO           15    i.main              main.o
    0x08006046   0x08006046   0x0000000c   Code   RO         3999    i.makeFreeRtosPriority  cmsis_os.o
    0x08006052   0x08006052   0x0000000a   Code   RO         4004    i.osKernelStart     cmsis_os.o
    0x0800605c   0x0800605c   0x00000014   Code   RO         4037    i.osSystickHandler  cmsis_os.o
    0x08006070   0x08006070   0x0000002e   Code   RO         4038    i.osThreadCreate    cmsis_os.o
    0x0800609e   0x0800609e   0x00000002   PAD
    0x080060a0   0x080060a0   0x000009d8   Code   RO         4399    i.pow               m_ws.l(pow.o)
    0x08006a78   0x08006a78   0x00000070   Code   RO         3710    i.prvAddCurrentTaskToDelayedList  tasks.o
    0x08006ae8   0x08006ae8   0x000000b4   Code   RO         3711    i.prvAddNewTaskToReadyList  tasks.o
    0x08006b9c   0x08006b9c   0x00000050   Code   RO         3712    i.prvCheckTasksWaitingTermination  tasks.o
    0x08006bec   0x08006bec   0x00000026   Code   RO         3570    i.prvCopyDataFromQueue  queue.o
    0x08006c12   0x08006c12   0x0000006c   Code   RO         3571    i.prvCopyDataToQueue  queue.o
    0x08006c7e   0x08006c7e   0x00000014   Code   RO         3713    i.prvDeleteTCB      tasks.o
    0x08006c92   0x08006c92   0x00000002   PAD
    0x08006c94   0x08006c94   0x0000004c   Code   RO         3297    i.prvHeapInit       heap_4.o
    0x08006ce0   0x08006ce0   0x0000001c   Code   RO         3714    i.prvIdleTask       tasks.o
    0x08006cfc   0x08006cfc   0x0000008e   Code   RO         3715    i.prvInitialiseNewTask  tasks.o
    0x08006d8a   0x08006d8a   0x00000002   PAD
    0x08006d8c   0x08006d8c   0x0000004c   Code   RO         3298    i.prvInsertBlockIntoFreeList  heap_4.o
    0x08006dd8   0x08006dd8   0x0000001c   Code   RO         3572    i.prvIsQueueEmpty   queue.o
    0x08006df4   0x08006df4   0x00000020   Code   RO         3716    i.prvResetNextTaskUnblockTime  tasks.o
    0x08006e14   0x08006e14   0x00000028   Code   RO         3368    i.prvTaskExitError  port.o
    0x08006e3c   0x08006e3c   0x0000006a   Code   RO         3573    i.prvUnlockQueue    queue.o
    0x08006ea6   0x08006ea6   0x00000002   PAD
    0x08006ea8   0x08006ea8   0x000000d8   Code   RO         3299    i.pvPortMalloc      heap_4.o
    0x08006f80   0x08006f80   0x00000018   Code   RO         3718    i.pvTaskIncrementMutexHeldCount  tasks.o
    0x08006f98   0x08006f98   0x00000024   Code   RO         3369    i.pxPortInitialiseStack  port.o
    0x08006fbc   0x08006fbc   0x00000034   Code   RO          696    i.readByte          mpu9250.o
    0x08006ff0   0x08006ff0   0x00000048   Code   RO          697    i.readBytes         mpu9250.o
    0x08007038   0x08007038   0x000000b0   Code   RO          596    i.read_calibration_data  bmp280.o
    0x080070e8   0x080070e8   0x0000002c   Code   RO          597    i.read_data         bmp280.o
    0x08007114   0x08007114   0x0000003c   Code   RO          598    i.read_register16   bmp280.o
    0x08007150   0x08007150   0x00000084   Code   RO          251    i.set_pos           freertos.o
    0x080071d4   0x080071d4   0x000000a0   Code   RO         4409    i.sin               m_ws.l(sin.o)
    0x08007274   0x08007274   0x0000004c   Code   RO         4417    i.sqrt              m_ws.l(sqrt.o)
    0x080072c0   0x080072c0   0x00000024   Code   RO         3533    i.uxListRemove      list.o
    0x080072e4   0x080072e4   0x00000024   Code   RO         3574    i.uxQueueMessagesWaiting  queue.o
    0x08007308   0x08007308   0x00000016   Code   RO         3575    i.uxQueueMessagesWaitingFromISR  queue.o
    0x0800731e   0x0800731e   0x00000016   Code   RO         3534    i.vListInitialise   list.o
    0x08007334   0x08007334   0x00000006   Code   RO         3535    i.vListInitialiseItem  list.o
    0x0800733a   0x0800733a   0x00000030   Code   RO         3536    i.vListInsert       list.o
    0x0800736a   0x0800736a   0x00000018   Code   RO         3537    i.vListInsertEnd    list.o
    0x08007382   0x08007382   0x00000002   PAD
    0x08007384   0x08007384   0x00000040   Code   RO         3371    i.vPortEnterCritical  port.o
    0x080073c4   0x080073c4   0x00000028   Code   RO         3372    i.vPortExitCritical  port.o
    0x080073ec   0x080073ec   0x0000005c   Code   RO         3300    i.vPortFree         heap_4.o
    0x08007448   0x08007448   0x00000020   Code   RO         3373    i.vPortSetupTimerInterrupt  port.o
    0x08007468   0x08007468   0x00000054   Code   RO         3374    i.vPortValidateInterruptPriority  port.o
    0x080074bc   0x080074bc   0x0000000c   Code   RO         3727    i.vTaskMissedYield  tasks.o
    0x080074c8   0x080074c8   0x00000030   Code   RO         3729    i.vTaskPlaceOnEventList  tasks.o
    0x080074f8   0x080074f8   0x00000084   Code   RO         3731    i.vTaskPriorityInherit  tasks.o
    0x0800757c   0x0800757c   0x00000024   Code   RO         3734    i.vTaskSetTimeOutState  tasks.o
    0x080075a0   0x080075a0   0x00000068   Code   RO         3735    i.vTaskStartScheduler  tasks.o
    0x08007608   0x08007608   0x00000010   Code   RO         3737    i.vTaskSuspendAll   tasks.o
    0x08007618   0x08007618   0x0000005c   Code   RO         3738    i.vTaskSwitchContext  tasks.o
    0x08007674   0x08007674   0x00000024   Code   RO          698    i.writeByte         mpu9250.o
    0x08007698   0x08007698   0x00000034   Code   RO          599    i.write_register8   bmp280.o
    0x080076cc   0x080076cc   0x00000074   Code   RO         3375    i.xPortStartScheduler  port.o
    0x08007740   0x08007740   0x0000002c   Code   RO         3376    i.xPortSysTickHandler  port.o
    0x0800776c   0x0800776c   0x00000048   Code   RO         3581    i.xQueueGenericCreate  queue.o
    0x080077b4   0x080077b4   0x0000015c   Code   RO         3582    i.xQueueGenericReceive  queue.o
    0x08007910   0x08007910   0x00000070   Code   RO         3583    i.xQueueGenericReset  queue.o
    0x08007980   0x08007980   0x00000148   Code   RO         3584    i.xQueueGenericSend  queue.o
    0x08007ac8   0x08007ac8   0x000000bc   Code   RO         3585    i.xQueueGenericSendFromISR  queue.o
    0x08007b84   0x08007b84   0x0000006c   Code   RO         3739    i.xTaskCheckForTimeOut  tasks.o
    0x08007bf0   0x08007bf0   0x00000056   Code   RO         3740    i.xTaskCreate       tasks.o
    0x08007c46   0x08007c46   0x00000002   PAD
    0x08007c48   0x08007c48   0x0000001c   Code   RO         3744    i.xTaskGetSchedulerState  tasks.o
    0x08007c64   0x08007c64   0x000000a8   Code   RO         3747    i.xTaskIncrementTick  tasks.o
    0x08007d0c   0x08007d0c   0x00000098   Code   RO         3750    i.xTaskPriorityDisinherit  tasks.o
    0x08007da4   0x08007da4   0x00000074   Code   RO         3751    i.xTaskRemoveFromEventList  tasks.o
    0x08007e18   0x08007e18   0x000000a8   Code   RO         3753    i.xTaskResumeAll    tasks.o
    0x08007ec0   0x08007ec0   0x00000050   Data   RO          253    .constdata          freertos.o
    0x08007f10   0x08007f10   0x00000010   Data   RO         3264    .constdata          system_stm32f1xx.o
    0x08007f20   0x08007f20   0x00000008   Data   RO         3265    .constdata          system_stm32f1xx.o
    0x08007f28   0x08007f28   0x00000098   Data   RO         4374    .constdata          m_ws.l(atan.o)
    0x08007fc0   0x08007fc0   0x00000088   Data   RO         4400    .constdata          m_ws.l(pow.o)
    0x08008048   0x08008048   0x00000030   Data   RO         4733    .constdata          m_ws.l(cos_i.o)
    0x08008078   0x08008078   0x00000008   Data   RO         4753    .constdata          m_ws.l(qnan.o)
    0x08008080   0x08008080   0x000000c8   Data   RO         4756    .constdata          m_ws.l(rred.o)
    0x08008148   0x08008148   0x00000028   Data   RO         4760    .constdata          m_ws.l(sin_i.o)
    0x08008170   0x08008170   0x00000040   Data   RO         4837    .constdata          mc_w.l(ctype_c.o)
    0x080081b0   0x080081b0   0x0000001e   Data   RO          254    .conststring        freertos.o
    0x080081ce   0x080081ce   0x00000002   PAD
    0x080081d0   0x080081d0   0x00000020   Data   RO         4839    Region$$Table       anon$$obj.o


    Execution Region RW_IRAM1 (Exec base: 0x20000000, Load base: 0x080081f0, Size: 0x000044b0, Max: 0x00005000, ABSOLUTE)

    Exec Addr    Load Addr    Size         Type   Attr      Idx    E Section Name        Object

    0x20000000   0x080081f0   0x00000044   Data   RW          255    .data               freertos.o
    0x20000044   0x08008234   0x00000004   Data   RW          493    .data               stm32f1xx_it.o
    0x20000048   0x08008238   0x0000000c   Data   RW         2397    .data               stm32f1xx_hal.o
    0x20000054   0x08008244   0x00000004   Data   RW         3266    .data               system_stm32f1xx.o
    0x20000058   0x08008248   0x00000018   Data   RW         3305    .data               heap_4.o
    0x20000070   0x08008260   0x0000000c   Data   RW         3377    .data               port.o
    0x2000007c   0x0800826c   0x0000003c   Data   RW         3756    .data               tasks.o
    0x200000b8   0x080082a8   0x00000004   Data   RW         4795    .data               mc_w.l(errno.o)
    0x200000bc        -       0x000001a7   Zero   RW          252    .bss                freertos.o
    0x20000263   0x080082ac   0x00000001   PAD
    0x20000264        -       0x00000054   Zero   RW          354    .bss                i2c.o
    0x200002b8        -       0x00000040   Zero   RW          397    .bss                tim.o
    0x200002f8        -       0x000000c8   Zero   RW          444    .bss                usart.o
    0x200003c0        -       0x00003c00   Zero   RW         3304    .bss                heap_4.o
    0x20003fc0        -       0x000000f0   Zero   RW         3755    .bss                tasks.o
    0x200040b0        -       0x00000400   Zero   RW            1    STACK               startup_stm32f103xb.o

