<html>
<body>
<pre>
<h1>�Vision Build Log</h1>
<h2>Tool Versions:</h2>
IDE-Version: �Vision V5.25.2.0
Copyright (C) 2018 ARM Ltd and ARM Germany GmbH. All rights reserved.
License Information: Admin Admin, Reality, LIC=GE7X7-EL9FZ-58KFB-2A2A4-LN20G-L2A79
 
Tool Versions:
Toolchain:       MDK-ARM Professional  Version: 5.25.2.0
Toolchain Path:  G:\Keil_v5\ARM\ARMCC\Bin
C Compiler:      Armcc.exe V5.06 update 6 (build 750)
Assembler:       Armasm.exe V5.06 update 6 (build 750)
Linker/Locator:  ArmLink.exe V5.06 update 6 (build 750)
Library Manager: ArmAr.exe V5.06 update 6 (build 750)
Hex Converter:   FromElf.exe V5.06 update 6 (build 750)
CPU DLL:         SARMCM3.DLL V5.25.2.0
Dialog DLL:      DCM.DLL V1.17.1.0
Target DLL:      STLink\ST-LINKIII-KEIL_SWO.dll V3.0.1.0
Dialog DLL:      TCM.DLL V1.35.1.0
 
<h2>Project:</h2>
C:\Users\Admin\Desktop\test_stab\Stabilization_test\MDK-ARM\Stabilization_test.uvprojx
Project File Date:  12/16/2018

<h2>Output:</h2>
*** Using Compiler 'V5.06 update 6 (build 750)', folder: 'G:\Keil_v5\ARM\ARMCC\Bin'
Build target 'Stabilization_test'
compiling freertos.c...
../Inc/esp8266.h(21): warning:  #1-D: last line of file ends without a newline
  #endif
../Src/freertos.c(103): warning:  #186-D: pointless comparison of unsigned integer with zero
  			if(value<0) value = 0;
../Src/freertos.c(111): warning:  #186-D: pointless comparison of unsigned integer with zero
  			if(value<0) value = 0;
../Src/freertos.c(120): warning:  #186-D: pointless comparison of unsigned integer with zero
  			if(value<0) value = 0;
../Src/freertos.c(129): warning:  #186-D: pointless comparison of unsigned integer with zero
  			if(value < 0) value = 0;
../Src/freertos.c(391): warning:  #550-D: variable "Pull"  was set but never used
  	uint8_t Pull;	//значение тяги мотора
../Src/freertos.c: 6 warnings, 0 errors
linking...
Program Size: Code=32148 RO-data=1052 RW-data=192 ZI-data=17400  
FromELF: creating hex file...
"Stabilization_test\Stabilization_test.axf" - 0 Error(s), 6 Warning(s).

<h2>Software Packages used:</h2>

Package Vendor: ARM
                http://www.keil.com/pack/ARM.CMSIS.5.4.0.pack
                ARM.CMSIS.5.4.0
                CMSIS (Cortex Microcontroller Software Interface Standard)
   * Component: CORE Version: 5.1.2

Package Vendor: Keil
                http://www.keil.com/pack/Keil.STM32F1xx_DFP.2.2.0.pack
                Keil.STM32F1xx_DFP.2.2.0
                STMicroelectronics STM32F1 Series Device Support, Drivers and Examples

<h2>Collection of Component include folders:</h2>
  .\RTE\_Stabilization_test
  G:\Keil_v5\ARM\PACK\ARM\CMSIS\5.4.0\CMSIS\Core\Include
  G:\Keil_v5\ARM\PACK\Keil\STM32F1xx_DFP\2.2.0\Device\Include

<h2>Collection of Component Files used:</h2>

   * Component: ARM::CMSIS:CORE:5.1.2
Build Time Elapsed:  00:00:04
</pre>
</body>
</html>
